This is pdfTeX, Version 3.141592653-2.6-1.40.29 (TeX Live 2026/Homebrew) (preloaded format=pdflatex 2026.3.4)  29 JUL 2026 00:34
entering extended mode
 restricted \write18 enabled.
 %&-line parsing enabled.
**medical_symptoms.tex
(./medical_symptoms.tex
LaTeX2e <2025-11-01>
L3 programming layer <2026-01-19>

(/opt/homebrew/Cellar/texlive/20260301/share/texmf-dist/tex/latex/base/book.cls
Document Class: book 2025/01/22 v1.4n Standard LaTeX document class

(/opt/homebrew/Cellar/texlive/20260301/share/texmf-dist/tex/latex/base/bk11.clo
File: bk11.clo 2025/01/22 v1.4n Standard LaTeX file (size option)
)
\c@part=\count275
\c@chapter=\count276
\c@section=\count277
\c@subsection=\count278
\c@subsubsection=\count279
\c@paragraph=\count280
\c@subparagraph=\count281
\c@figure=\count282
\c@table=\count283
\abovecaptionskip=\skip49
\belowcaptionskip=\skip50
\bibindent=\dimen148
)
(/opt/homebrew/Cellar/texlive/20260301/share/texmf-dist/tex/latex/geometry/geom
etry.sty
Package: geometry 2020/01/02 v5.9 Page Geometry

(/opt/homebrew/Cellar/texlive/20260301/share/texmf-dist/tex/latex/graphics/keyv
al.sty
Package: keyval 2022/05/29 v1.15 key=value parser (DPC)
\KV@toks@=\toks17
)
(/opt/homebrew/Cellar/texlive/20260301/share/texmf-dist/tex/generic/iftex/ifvte
x.sty
Package: ifvtex 2019/10/25 v1.7 ifvtex legacy package. Use iftex instead.

(/opt/homebrew/Cellar/texlive/20260301/share/texmf-dist/tex/generic/iftex/iftex
.sty
Package: iftex 2024/12/12 v1.0g TeX engine tests
))
\Gm@cnth=\count284
\Gm@cntv=\count285
\c@Gm@tempcnt=\count286
\Gm@bindingoffset=\dimen149
\Gm@wd@mp=\dimen150
\Gm@odd@mp=\dimen151
\Gm@even@mp=\dimen152
\Gm@layoutwidth=\dimen153
\Gm@layoutheight=\dimen154
\Gm@layouthoffset=\dimen155
\Gm@layoutvoffset=\dimen156
\Gm@dimlist=\toks18
)
(/opt/homebrew/Cellar/texlive/20260301/share/texmf-dist/tex/latex/lm/lmodern.st
y
Package: lmodern 2015/05/01 v1.6.1 Latin Modern Fonts
LaTeX Font Info:    Overwriting symbol font `operators' in version `normal'
(Font)                  OT1/cmr/m/n --> OT1/lmr/m/n on input line 22.
LaTeX Font Info:    Overwriting symbol font `letters' in version `normal'
(Font)                  OML/cmm/m/it --> OML/lmm/m/it on input line 23.
LaTeX Font Info:    Overwriting symbol font `symbols' in version `normal'
(Font)                  OMS/cmsy/m/n --> OMS/lmsy/m/n on input line 24.
LaTeX Font Info:    Overwriting symbol font `largesymbols' in version `normal'
(Font)                  OMX/cmex/m/n --> OMX/lmex/m/n on input line 25.
LaTeX Font Info:    Overwriting symbol font `operators' in version `bold'
(Font)                  OT1/cmr/bx/n --> OT1/lmr/bx/n on input line 26.
LaTeX Font Info:    Overwriting symbol font `letters' in version `bold'
(Font)                  OML/cmm/b/it --> OML/lmm/b/it on input line 27.
LaTeX Font Info:    Overwriting symbol font `symbols' in version `bold'
(Font)                  OMS/cmsy/b/n --> OMS/lmsy/b/n on input line 28.
LaTeX Font Info:    Overwriting symbol font `largesymbols' in version `bold'
(Font)                  OMX/cmex/m/n --> OMX/lmex/m/n on input line 29.
LaTeX Font Info:    Overwriting math alphabet `\mathbf' in version `normal'
(Font)                  OT1/cmr/bx/n --> OT1/lmr/bx/n on input line 31.
LaTeX Font Info:    Overwriting math alphabet `\mathsf' in version `normal'
(Font)                  OT1/cmss/m/n --> OT1/lmss/m/n on input line 32.
LaTeX Font Info:    Overwriting math alphabet `\mathit' in version `normal'
(Font)                  OT1/cmr/m/it --> OT1/lmr/m/it on input line 33.
LaTeX Font Info:    Overwriting math alphabet `\mathtt' in version `normal'
(Font)                  OT1/cmtt/m/n --> OT1/lmtt/m/n on input line 34.
LaTeX Font Info:    Overwriting math alphabet `\mathbf' in version `bold'
(Font)                  OT1/cmr/bx/n --> OT1/lmr/bx/n on input line 35.
LaTeX Font Info:    Overwriting math alphabet `\mathsf' in version `bold'
(Font)                  OT1/cmss/bx/n --> OT1/lmss/bx/n on input line 36.
LaTeX Font Info:    Overwriting math alphabet `\mathit' in version `bold'
(Font)                  OT1/cmr/bx/it --> OT1/lmr/bx/it on input line 37.
LaTeX Font Info:    Overwriting math alphabet `\mathtt' in version `bold'
(Font)                  OT1/cmtt/m/n --> OT1/lmtt/m/n on input line 38.
)
(/opt/homebrew/Cellar/texlive/20260301/share/texmf-dist/tex/latex/base/inputenc
.sty
Package: inputenc 2024/02/08 v1.3d Input encoding file
\inpenc@prehook=\toks19
\inpenc@posthook=\toks20
)
(/opt/homebrew/Cellar/texlive/20260301/share/texmf-dist/tex/latex/base/fontenc.
sty
Package: fontenc 2025/07/18 v2.1d Standard LaTeX package
LaTeX Font Info:    Trying to load font information for T1+lmr on input line 11
6.

(/opt/homebrew/Cellar/texlive/20260301/share/texmf-dist/tex/latex/lm/t1lmr.fd
File: t1lmr.fd 2015/05/01 v1.6.1 Font defs for Latin Modern
))
(/opt/homebrew/Cellar/texlive/20260301/share/texmf-dist/tex/latex/hyperref/hype
rref.sty
Package: hyperref 2026-01-29 v7.01p Hypertext links for LaTeX

(/opt/homebrew/Cellar/texlive/20260301/share/texmf-dist/tex/latex/kvsetkeys/kvs
etkeys.sty
Package: kvsetkeys 2022-10-05 v1.19 Key value parser (HO)
)
(/opt/homebrew/Cellar/texlive/20260301/share/texmf-dist/tex/generic/kvdefinekey
s/kvdefinekeys.sty
Package: kvdefinekeys 2019-12-19 v1.6 Define keys (HO)
)
(/opt/homebrew/Cellar/texlive/20260301/share/texmf-dist/tex/generic/pdfescape/p
dfescape.sty
Package: pdfescape 2019/12/09 v1.15 Implements pdfTeX's escape features (HO)

(/opt/homebrew/Cellar/texlive/20260301/share/texmf-dist/tex/generic/ltxcmds/ltx
cmds.sty
Package: ltxcmds 2023-12-04 v1.26 LaTeX kernel commands for general use (HO)
)
(/opt/homebrew/Cellar/texlive/20260301/share/texmf-dist/tex/generic/pdftexcmds/
pdftexcmds.sty
Package: pdftexcmds 2020-06-27 v0.33 Utility functions of pdfTeX for LuaTeX (HO
)

(/opt/homebrew/Cellar/texlive/20260301/share/texmf-dist/tex/generic/infwarerr/i
nfwarerr.sty
Package: infwarerr 2019/12/03 v1.5 Providing info/warning/error messages (HO)
)
Package pdftexcmds Info: \pdf@primitive is available.
Package pdftexcmds Info: \pdf@ifprimitive is available.
Package pdftexcmds Info: \pdfdraftmode found.
))
(/opt/homebrew/Cellar/texlive/20260301/share/texmf-dist/tex/latex/hycolor/hycol
or.sty
Package: hycolor 2020-01-27 v1.10 Color options for hyperref/bookmark (HO)
)
(/opt/homebrew/Cellar/texlive/20260301/share/texmf-dist/tex/latex/hyperref/name
ref.sty
Package: nameref 2026-01-29 v2.58 Cross-referencing by name of section

(/opt/homebrew/Cellar/texlive/20260301/share/texmf-dist/tex/latex/refcount/refc
ount.sty
Package: refcount 2019/12/15 v3.6 Data extraction from label references (HO)
)
(/opt/homebrew/Cellar/texlive/20260301/share/texmf-dist/tex/generic/gettitlestr
ing/gettitlestring.sty
Package: gettitlestring 2019/12/15 v1.6 Cleanup title references (HO)

(/opt/homebrew/Cellar/texlive/20260301/share/texmf-dist/tex/latex/kvoptions/kvo
ptions.sty
Package: kvoptions 2022-06-15 v3.15 Key value format for package options (HO)
))
\c@section@level=\count287
)
(/opt/homebrew/Cellar/texlive/20260301/share/texmf-dist/tex/latex/etoolbox/etoo
lbox.sty
Package: etoolbox 2025/10/02 v2.5m e-TeX tools for LaTeX (JAW)
\etb@tempcnta=\count288
)
(/opt/homebrew/Cellar/texlive/20260301/share/texmf-dist/tex/generic/stringenc/s
tringenc.sty
Package: stringenc 2019/11/29 v1.12 Convert strings between diff. encodings (HO
)
)
\@linkdim=\dimen157
\Hy@linkcounter=\count289
\Hy@pagecounter=\count290

(/opt/homebrew/Cellar/texlive/20260301/share/texmf-dist/tex/latex/hyperref/pd1e
nc.def
File: pd1enc.def 2026-01-29 v7.01p Hyperref: PDFDocEncoding definition (HO)
Now handling font encoding PD1 ...
... no UTF-8 mapping file for font encoding PD1
)
(/opt/homebrew/Cellar/texlive/20260301/share/texmf-dist/tex/generic/intcalc/int
calc.sty
Package: intcalc 2019/12/15 v1.3 Expandable calculations with integers (HO)
)
\Hy@SavedSpaceFactor=\count291

(/opt/homebrew/Cellar/texlive/20260301/share/texmf-dist/tex/latex/hyperref/puen
c.def
File: puenc.def 2026-01-29 v7.01p Hyperref: PDF Unicode definition (HO)
Now handling font encoding PU ...
... no UTF-8 mapping file for font encoding PU
)
Package hyperref Info: Hyper figures OFF on input line 4201.
Package hyperref Info: Link nesting OFF on input line 4206.
Package hyperref Info: Hyper index ON on input line 4209.
Package hyperref Info: Plain pages OFF on input line 4216.
Package hyperref Info: Backreferencing OFF on input line 4221.
Package hyperref Info: Implicit mode ON; LaTeX internals redefined.
Package hyperref Info: Bookmarks ON on input line 4468.
\c@Hy@tempcnt=\count292

(/opt/homebrew/Cellar/texlive/20260301/share/texmf-dist/tex/latex/url/url.sty
\Urlmuskip=\muskip17
Package: url 2013/09/16  ver 3.4  Verb mode for urls, etc.
)
LaTeX Info: Redefining \url on input line 4807.
\XeTeXLinkMargin=\dimen158

(/opt/homebrew/Cellar/texlive/20260301/share/texmf-dist/tex/generic/bitset/bits
et.sty
Package: bitset 2019/12/09 v1.3 Handle bit-vector datatype (HO)

(/opt/homebrew/Cellar/texlive/20260301/share/texmf-dist/tex/generic/bigintcalc/
bigintcalc.sty
Package: bigintcalc 2019/12/15 v1.5 Expandable calculations on big integers (HO
)
))
\Fld@menulength=\count293
\Field@Width=\dimen159
\Fld@charsize=\dimen160
Package hyperref Info: Hyper figures OFF on input line 6084.
Package hyperref Info: Link nesting OFF on input line 6089.
Package hyperref Info: Hyper index ON on input line 6092.
Package hyperref Info: backreferencing OFF on input line 6099.
Package hyperref Info: Link coloring OFF on input line 6104.
Package hyperref Info: Link coloring with OCG OFF on input line 6109.
Package hyperref Info: PDF/A mode OFF on input line 6114.
\Hy@abspage=\count294
\c@Item=\count295
\c@Hfootnote=\count296
)
Package hyperref Info: Driver (autodetected): hpdftex.

(/opt/homebrew/Cellar/texlive/20260301/share/texmf-dist/tex/latex/hyperref/hpdf
tex.def
File: hpdftex.def 2026-01-29 v7.01p Hyperref driver for pdfTeX
\Fld@listcount=\count297
\c@bookmark@seq@number=\count298

(/opt/homebrew/Cellar/texlive/20260301/share/texmf-dist/tex/latex/rerunfilechec
k/rerunfilecheck.sty
Package: rerunfilecheck 2025-06-21 v1.11 Rerun checks for auxiliary files (HO)

(/opt/homebrew/Cellar/texlive/20260301/share/texmf-dist/tex/generic/uniquecount
er/uniquecounter.sty
Package: uniquecounter 2019/12/15 v1.4 Provide unlimited unique counter (HO)
)
Package uniquecounter Info: New unique counter `rerunfilecheck' on input line 2
84.
)
\Hy@SectionHShift=\skip51
)
(/opt/homebrew/Cellar/texlive/20260301/share/texmf-dist/tex/latex/base/textcomp
.sty
Package: textcomp 2024/04/24 v2.1b Standard LaTeX package
)
(/opt/homebrew/Cellar/texlive/20260301/share/texmf-dist/tex/latex/l3backend/l3b
ackend-pdftex.def
File: l3backend-pdftex.def 2025-10-09 L3 backend support: PDF output (pdfTeX)
\l__color_backend_stack_int=\count299
) (./medical_symptoms.aux
(./chapters/appendix_emergency_warnings.aux)
(./chapters/symptom_abdominal_pain.aux) (./chapters/symptom_abscess.aux)
(./chapters/symptom_acne.aux) (./chapters/symptom_addiction_withdrawal.aux)
(./chapters/symptom_allergic_reaction.aux) (./chapters/symptom_amenorrhea.aux)
(./chapters/symptom_anal_itching.aux) (./chapters/symptom_anal_pain.aux)
(./chapters/symptom_anemia.aux) (./chapters/symptom_anhedonia.aux)
(./chapters/symptom_animal_bites.aux) (./chapters/symptom_ankle_pain.aux)
(./chapters/symptom_anxiety.aux) (./chapters/symptom_arm_pain.aux)
(./chapters/symptom_ascites.aux) (./chapters/symptom_back_pain.aux)
(./chapters/symptom_bad_breath.aux)
(./chapters/symptom_bad_taste_in_the_mouth.aux)
(./chapters/symptom_bedwetting.aux) (./chapters/symptom_bent_penis.aux)
(./chapters/symptom_black_eye.aux)
(./chapters/symptom_bleeding_after_vaginal_sex.aux)
(./chapters/symptom_bleeding_between_periods.aux)
(./chapters/symptom_bleeding_during_pregnancy.aux)
(./chapters/symptom_bloating.aux) (./chapters/symptom_blood_clots.aux)
(./chapters/symptom_blood_in_semen.aux) (./chapters/symptom_blood_in_stool.aux)
(./chapters/symptom_boils.aux) (./chapters/symptom_bowel_incontinence.aux)
(./chapters/symptom_breast_lump.aux) (./chapters/symptom_breast_tenderness.aux)
(./chapters/symptom_brittle_nails.aux) (./chapters/symptom_bruises.aux)
(./chapters/symptom_bunions.aux) (./chapters/symptom_burning_feet.aux)
(./chapters/symptom_burning_mouth_syndrome.aux) (./chapters/symptom_burping.aux
) (./chapters/symptom_canker_sores.aux) (./chapters/symptom_catarrh.aux)
(./chapters/symptom_cellulite.aux) (./chapters/symptom_chest_pain.aux)
(./chapters/symptom_chest_tightness_and_discomfort.aux)
(./chapters/symptom_chills.aux) (./chapters/symptom_choking.aux)
(./chapters/symptom_chronic_wounds.aux) (./chapters/symptom_clitoral_pain.aux)
(./chapters/symptom_cognitive_deficits.aux)
(./chapters/symptom_cold_hands_and_feet.aux)
(./chapters/symptom_cold_intolerance.aux) (./chapters/symptom_cold_sores.aux)
(./chapters/symptom_coma.aux) (./chapters/symptom_concussion.aux)
(./chapters/symptom_confusion.aux) (./chapters/symptom_constipation.aux)
(./chapters/symptom_corns_and_calluses.aux) (./chapters/symptom_cough.aux)
(./chapters/symptom_crying_spells.aux) (./chapters/symptom_cyst.aux)
(./chapters/symptom_dandruff.aux)
(./chapters/symptom_dark_circles_under_eyes.aux)
(./chapters/symptom_dehydration.aux) (./chapters/symptom_delirium.aux)
(./chapters/symptom_delusions.aux) (./chapters/symptom_depression.aux)
(./chapters/symptom_diarrhea.aux) (./chapters/symptom_disorientation.aux)
(./chapters/symptom_dizziness.aux) (./chapters/symptom_double_vision.aux)
(./chapters/symptom_drooling.aux) (./chapters/symptom_dry_eye_disease.aux)
(./chapters/symptom_dry_mouth.aux) (./chapters/symptom_dry_orgasm.aux)
(./chapters/symptom_dry_skin.aux) (./chapters/symptom_dysphagia.aux)
(./chapters/symptom_earache.aux) (./chapters/symptom_earwax.aux)
(./chapters/symptom_edema.aux) (./chapters/symptom_elbow_pain.aux)
(./chapters/symptom_electric_shock_sensation.aux)
(./chapters/symptom_enlarged_prostate.aux)
(./chapters/symptom_enlarged_spleen.aux)
(./chapters/symptom_erectile_dysfunction.aux)
(./chapters/symptom_excessive_sweating.aux)
(./chapters/symptom_eye_allergies.aux) (./chapters/symptom_eye_discharge.aux)
(./chapters/symptom_eye_floaters.aux) (./chapters/symptom_eye_pain.aux)
(./chapters/symptom_eye_strain.aux) (./chapters/symptom_eye_twitching.aux)
(./chapters/symptom_eyelid_bump.aux)
(./chapters/symptom_eyelid_inflammation.aux)
(./chapters/symptom_facial_droop.aux) (./chapters/symptom_facial_numbness.aux)
(./chapters/symptom_fainting.aux) (./chapters/symptom_fatigue.aux)
(./chapters/symptom_febrile_seizure.aux) (./chapters/symptom_fever.aux)
(./chapters/symptom_fluid_from_the_ear.aux) (./chapters/symptom_foot_pain.aux)
(./chapters/symptom_frequent_bowel_movements.aux)
(./chapters/symptom_frostbite.aux) (./chapters/symptom_ganglion_cyst.aux)
(./chapters/symptom_green_stool.aux)
(./chapters/symptom_groin_pain_or_swelling.aux)
(./chapters/symptom_gum_swelling.aux) (./chapters/symptom_gynecomastia.aux)
(./chapters/symptom_haemoptysis.aux) (./chapters/symptom_hair_loss.aux)
(./chapters/symptom_hallucinations.aux) (./chapters/symptom_hand_tremor.aux)
(./chapters/symptom_headache.aux) (./chapters/symptom_hearing_loss.aux)
(./chapters/symptom_heart_murmur.aux) (./chapters/symptom_heartburn.aux)
(./chapters/symptom_heat_cramps.aux) (./chapters/symptom_heat_exhaustion.aux)
(./chapters/symptom_heat_rash.aux) (./chapters/symptom_heat_stroke.aux)
(./chapters/symptom_heavy_periods.aux) (./chapters/symptom_heel_pain.aux)
(./chapters/symptom_hematoma.aux) (./chapters/symptom_hematuria.aux)
(./chapters/symptom_hiccups.aux) (./chapters/symptom_hip_pain.aux)
(./chapters/symptom_hives_and_angioedema.aux)
(./chapters/symptom_hoarseness.aux) (./chapters/symptom_hot_flushes.aux)
(./chapters/symptom_hyperhidrosis.aux) (./chapters/symptom_hyperventilation.aux
) (./chapters/symptom_hyphema.aux) (./chapters/symptom_hypothermia.aux)
(./chapters/symptom_inability_to_urinate.aux)
(./chapters/symptom_indigestion.aux) (./chapters/symptom_ingrown_hair.aux)
(./chapters/symptom_ingrown_toenails.aux) (./chapters/symptom_insect_bites.aux)
(./chapters/symptom_insomnia.aux) (./chapters/symptom_internal_bleeding.aux)
(./chapters/symptom_irregular_periods.aux) (./chapters/symptom_irritability.aux
) (./chapters/symptom_itching_pruritus.aux) (./chapters/symptom_jaundice.aux)
(./chapters/symptom_jock_itch.aux) (./chapters/symptom_joint_pain.aux)
(./chapters/symptom_kidney_pain.aux) (./chapters/symptom_knee_pain.aux)
(./chapters/symptom_labia_changes.aux) (./chapters/symptom_labor_signs.aux)
(./chapters/symptom_lack_of_motivation.aux) (./chapters/symptom_laryngitis.aux)
(./chapters/symptom_leg_pain.aux) (./chapters/symptom_loss_of_appetite.aux)
(./chapters/symptom_loss_of_bone_density.aux)
(./chapters/symptom_loss_of_smell.aux) (./chapters/symptom_low_blood_sugar.aux)
(./chapters/symptom_low_libido.aux) (./chapters/symptom_low_self_esteem.aux)
(./chapters/symptom_lump_under_armpit.aux) (./chapters/symptom_lymphedema.aux)
(./chapters/symptom_malaise.aux) (./chapters/symptom_menstrual_pain.aux)
(./chapters/symptom_migraine.aux) (./chapters/symptom_mittelschmerz.aux)
(./chapters/symptom_mood_swings.aux) (./chapters/symptom_morning_sickness.aux)
(./chapters/symptom_motion_sickness.aux) (./chapters/symptom_mouth_ulcers.aux)
(./chapters/symptom_muscle_cramps.aux) (./chapters/symptom_muscle_pain.aux)
(./chapters/symptom_nail_injuries.aux) (./chapters/symptom_nail_psoriasis.aux)
(./chapters/symptom_narcolepsy.aux) (./chapters/symptom_nasal_congestion.aux)
(./chapters/symptom_nausea.aux) (./chapters/symptom_neck_pain.aux)
(./chapters/symptom_nerve_pain.aux) (./chapters/symptom_night_sweats.aux)
(./chapters/symptom_night_terrors.aux) (./chapters/symptom_nipple_discharge.aux
) (./chapters/symptom_nosebleeds.aux) (./chapters/symptom_oral_thrush.aux)
(./chapters/symptom_overactive_bladder.aux)
(./chapters/symptom_pain_after_surgery.aux)
(./chapters/symptom_pain_during_intercourse.aux)
(./chapters/symptom_painful_urination.aux) (./chapters/symptom_palpitations.aux
) (./chapters/symptom_panic_attacks.aux) (./chapters/symptom_peeling_skin.aux)
(./chapters/symptom_pelvic_organ_prolapse.aux)
(./chapters/symptom_pelvic_pain.aux) (./chapters/symptom_penis_irritation.aux)
(./chapters/symptom_penis_swelling_and_injury.aux)
(./chapters/symptom_petechiae.aux) (./chapters/symptom_pinched_nerve.aux)
(./chapters/symptom_pleurisy.aux) (./chapters/symptom_pressure_sores.aux)
(./chapters/symptom_rash.aux) (./chapters/symptom_rectal_bleeding.aux)
(./chapters/symptom_rectal_pain.aux) (./chapters/symptom_red_eye.aux)
(./chapters/symptom_restless_legs_syndrome.aux)
(./chapters/symptom_runny_nose.aux) (./chapters/symptom_scabies.aux)
(./chapters/symptom_sciatica.aux) (./chapters/symptom_seizures.aux)
(./chapters/symptom_shin_splints.aux) (./chapters/symptom_shock.aux)
(./chapters/symptom_shortness_of_breath.aux)
(./chapters/symptom_shoulder_pain.aux) (./chapters/symptom_skin_tags.aux)
(./chapters/symptom_sneezing.aux) (./chapters/symptom_snoring.aux)
(./chapters/symptom_sore_throat.aux) (./chapters/symptom_splinters.aux)
(./chapters/symptom_stool_color_changes.aux)
(./chapters/symptom_stretch_marks.aux) (./chapters/symptom_stroke.aux)
(./chapters/symptom_sty.aux) (./chapters/symptom_sunburn.aux)
(./chapters/symptom_swelling.aux)
(./chapters/symptom_swollen_or_painful_testicle.aux)
(./chapters/symptom_syncope.aux) (./chapters/symptom_tachycardia.aux)
(./chapters/symptom_teething.aux) (./chapters/symptom_testicular_pain.aux)
(./chapters/symptom_tingling_numbness.aux) (./chapters/symptom_tinnitus.aux)
(./chapters/symptom_toothache.aux) (./chapters/symptom_tremors.aux)
(./chapters/symptom_urinary_frequency.aux)
(./chapters/symptom_urinary_incontinence.aux)
(./chapters/symptom_urinary_retention.aux) (./chapters/symptom_urine_odor.aux)
(./chapters/symptom_vaginal_bleeding.aux)
(./chapters/symptom_vaginal_discharge.aux)
(./chapters/symptom_vaginal_dryness.aux)
(./chapters/symptom_vaginal_irritation_and_infection.aux)
(./chapters/symptom_vaginal_prolapse.aux) (./chapters/symptom_vertigo.aux)
(./chapters/symptom_vision_blurred.aux)
(./chapters/symptom_vomiting_and_nausea.aux)
(./chapters/symptom_warning_signs_during_pregnancy.aux)
(./chapters/symptom_watery_eyes.aux) (./chapters/symptom_weakness.aux)
(./chapters/symptom_weight_gain.aux) (./chapters/symptom_weight_loss.aux)
(./chapters/symptom_wheezing.aux) (./chapters/symptom_white_tongue.aux)
(./chapters/symptom_wrist_injury.aux) (./chapters/symptom_wrist_pain.aux)
(./chapters/symptom_yellow_tongue.aux))
\openout1 = `medical_symptoms.aux'.

LaTeX Font Info:    Checking defaults for OML/cmm/m/it on input line 17.
LaTeX Font Info:    ... okay on input line 17.
LaTeX Font Info:    Checking defaults for OMS/cmsy/m/n on input line 17.
LaTeX Font Info:    ... okay on input line 17.
LaTeX Font Info:    Checking defaults for OT1/cmr/m/n on input line 17.
LaTeX Font Info:    ... okay on input line 17.
LaTeX Font Info:    Checking defaults for T1/cmr/m/n on input line 17.
LaTeX Font Info:    ... okay on input line 17.
LaTeX Font Info:    Checking defaults for TS1/cmr/m/n on input line 17.
LaTeX Font Info:    ... okay on input line 17.
LaTeX Font Info:    Checking defaults for OMX/cmex/m/n on input line 17.
LaTeX Font Info:    ... okay on input line 17.
LaTeX Font Info:    Checking defaults for U/cmr/m/n on input line 17.
LaTeX Font Info:    ... okay on input line 17.
LaTeX Font Info:    Checking defaults for PD1/pdf/m/n on input line 17.
LaTeX Font Info:    ... okay on input line 17.
LaTeX Font Info:    Checking defaults for PU/pdf/m/n on input line 17.
LaTeX Font Info:    ... okay on input line 17.

*geometry* driver: auto-detecting
*geometry* detected driver: pdftex
*geometry* verbose mode - [ preamble ] result:
* driver: pdftex
* paper: <default>
* layout: <same size as paper>
* layoutoffset:(h,v)=(0.0pt,0.0pt)
* modes: twoside 
* h-part:(L,W,R)=(72.26999pt, 469.75502pt, 72.26999pt)
* v-part:(T,H,B)=(72.26999pt, 650.43001pt, 72.26999pt)
* \paperwidth=614.295pt
* \paperheight=794.96999pt
* \textwidth=469.75502pt
* \textheight=650.43001pt
* \oddsidemargin=0.0pt
* \evensidemargin=0.0pt
* \topmargin=-31.8738pt
* \headheight=12.0pt
* \headsep=19.8738pt
* \topskip=11.0pt
* \footskip=27.46295pt
* \marginparwidth=116.0pt
* \marginparsep=7.0pt
* \columnsep=10.0pt
* \skip\footins=10.0pt plus 4.0pt minus 2.0pt
* \hoffset=0.0pt
* \voffset=0.0pt
* \mag=1000
* \@twocolumnfalse
* \@twosidetrue
* \@mparswitchtrue
* \@reversemarginfalse
* (1in=72.27pt=25.4mm, 1cm=28.453pt)

Package hyperref Info: Link coloring OFF on input line 17.
(./medical_symptoms.out) (./medical_symptoms.out)
\@outlinefile=\write3
\openout3 = `medical_symptoms.out'.

LaTeX Font Info:    Trying to load font information for OT1+lmr on input line 1
9.

(/opt/homebrew/Cellar/texlive/20260301/share/texmf-dist/tex/latex/lm/ot1lmr.fd
File: ot1lmr.fd 2015/05/01 v1.6.1 Font defs for Latin Modern
)
LaTeX Font Info:    Trying to load font information for OML+lmm on input line 1
9.
(/opt/homebrew/Cellar/texlive/20260301/share/texmf-dist/tex/latex/lm/omllmm.fd
File: omllmm.fd 2015/05/01 v1.6.1 Font defs for Latin Modern
)
LaTeX Font Info:    Trying to load font information for OMS+lmsy on input line 
19.

(/opt/homebrew/Cellar/texlive/20260301/share/texmf-dist/tex/latex/lm/omslmsy.fd
File: omslmsy.fd 2015/05/01 v1.6.1 Font defs for Latin Modern
)
LaTeX Font Info:    Trying to load font information for OMX+lmex on input line 
19.

(/opt/homebrew/Cellar/texlive/20260301/share/texmf-dist/tex/latex/lm/omxlmex.fd
File: omxlmex.fd 2015/05/01 v1.6.1 Font defs for Latin Modern
)
LaTeX Font Info:    External font `lmex10' loaded for size
(Font)              <12> on input line 19.
LaTeX Font Info:    External font `lmex10' loaded for size
(Font)              <8> on input line 19.
LaTeX Font Info:    External font `lmex10' loaded for size
(Font)              <6> on input line 19.
 [1


{/opt/homebrew/Cellar/texlive/20260301/share/texmf-dist/fonts/map/pdftex/updmap
/pdftex.map}{/opt/homebrew/Cellar/texlive/20260301/share/texmf-dist/fonts/enc/d
vips/lm/lm-ec.enc}] [2

] (./medical_symptoms.toc
LaTeX Font Info:    External font `lmex10' loaded for size
(Font)              <10.95> on input line 4.
 [3] [4] [5] [6] [7]
[8] [9] [10]
Overfull \hbox (2.46371pt too wide) detected at line 324
\T1/lmr/bx/n/10.95 100 
 []


Overfull \hbox (2.46371pt too wide) detected at line 325
\T1/lmr/bx/n/10.95 101 
 []


Overfull \hbox (2.46371pt too wide) detected at line 326
\T1/lmr/bx/n/10.95 102 
 []


Overfull \hbox (2.46371pt too wide) detected at line 327
\T1/lmr/bx/n/10.95 103 
 []


Overfull \hbox (2.46371pt too wide) detected at line 336
\T1/lmr/bx/n/10.95 104 
 []

[11]
Overfull \hbox (2.46371pt too wide) detected at line 345
\T1/lmr/bx/n/10.95 105 
 []


Overfull \hbox (2.46371pt too wide) detected at line 346
\T1/lmr/bx/n/10.95 106 
 []


Overfull \hbox (2.46371pt too wide) detected at line 347
\T1/lmr/bx/n/10.95 107 
 []


Overfull \hbox (2.46371pt too wide) detected at line 348
\T1/lmr/bx/n/10.95 108 
 []


Overfull \hbox (2.46371pt too wide) detected at line 357
\T1/lmr/bx/n/10.95 109 
 []


Overfull \hbox (2.46371pt too wide) detected at line 358
\T1/lmr/bx/n/10.95 110 
 []


Overfull \hbox (2.46371pt too wide) detected at line 359
\T1/lmr/bx/n/10.95 111 
 []


Overfull \hbox (2.46371pt too wide) detected at line 360
\T1/lmr/bx/n/10.95 112 
 []


Overfull \hbox (2.46371pt too wide) detected at line 361
\T1/lmr/bx/n/10.95 113 
 []


Overfull \hbox (2.46371pt too wide) detected at line 362
\T1/lmr/bx/n/10.95 114 
 []


Overfull \hbox (2.46371pt too wide) detected at line 363
\T1/lmr/bx/n/10.95 115 
 []


Overfull \hbox (2.46371pt too wide) detected at line 364
\T1/lmr/bx/n/10.95 116 
 []


Overfull \hbox (2.46371pt too wide) detected at line 365
\T1/lmr/bx/n/10.95 117 
 []

[12]
Overfull \hbox (2.46371pt too wide) detected at line 374
\T1/lmr/bx/n/10.95 118 
 []


Overfull \hbox (2.46371pt too wide) detected at line 383
\T1/lmr/bx/n/10.95 119 
 []


Overfull \hbox (2.46371pt too wide) detected at line 384
\T1/lmr/bx/n/10.95 120 
 []


Overfull \hbox (2.46371pt too wide) detected at line 393
\T1/lmr/bx/n/10.95 121 
 []


Overfull \hbox (2.46371pt too wide) detected at line 394
\T1/lmr/bx/n/10.95 122 
 []


Overfull \hbox (2.46371pt too wide) detected at line 395
\T1/lmr/bx/n/10.95 123 
 []


Overfull \hbox (2.46371pt too wide) detected at line 404
\T1/lmr/bx/n/10.95 124 
 []


Overfull \hbox (2.46371pt too wide) detected at line 405
\T1/lmr/bx/n/10.95 125 
 []


Overfull \hbox (2.46371pt too wide) detected at line 406
\T1/lmr/bx/n/10.95 126 
 []


Overfull \hbox (2.46371pt too wide) detected at line 407
\T1/lmr/bx/n/10.95 127 
 []

[13]
Overfull \hbox (2.46371pt too wide) detected at line 416
\T1/lmr/bx/n/10.95 128 
 []


Overfull \hbox (2.46371pt too wide) detected at line 417
\T1/lmr/bx/n/10.95 129 
 []


Overfull \hbox (2.46371pt too wide) detected at line 418
\T1/lmr/bx/n/10.95 130 
 []


Overfull \hbox (2.46371pt too wide) detected at line 427
\T1/lmr/bx/n/10.95 131 
 []


Overfull \hbox (2.46371pt too wide) detected at line 436
\T1/lmr/bx/n/10.95 132 
 []


Overfull \hbox (2.46371pt too wide) detected at line 445
\T1/lmr/bx/n/10.95 133 
 []


Overfull \hbox (2.46371pt too wide) detected at line 454
\T1/lmr/bx/n/10.95 134 
 []

[14]
Overfull \hbox (2.46371pt too wide) detected at line 463
\T1/lmr/bx/n/10.95 135 
 []


Overfull \hbox (2.46371pt too wide) detected at line 472
\T1/lmr/bx/n/10.95 136 
 []


Overfull \hbox (2.46371pt too wide) detected at line 481
\T1/lmr/bx/n/10.95 137 
 []


Overfull \hbox (2.46371pt too wide) detected at line 490
\T1/lmr/bx/n/10.95 138 
 []

[15]
Overfull \hbox (2.46371pt too wide) detected at line 499
\T1/lmr/bx/n/10.95 139 
 []


Overfull \hbox (2.46371pt too wide) detected at line 500
\T1/lmr/bx/n/10.95 140 
 []


Overfull \hbox (2.46371pt too wide) detected at line 509
\T1/lmr/bx/n/10.95 141 
 []


Overfull \hbox (2.46371pt too wide) detected at line 510
\T1/lmr/bx/n/10.95 142 
 []


Overfull \hbox (2.46371pt too wide) detected at line 511
\T1/lmr/bx/n/10.95 143 
 []


Overfull \hbox (2.46371pt too wide) detected at line 512
\T1/lmr/bx/n/10.95 144 
 []


Overfull \hbox (2.46371pt too wide) detected at line 513
\T1/lmr/bx/n/10.95 145 
 []


Overfull \hbox (2.46371pt too wide) detected at line 522
\T1/lmr/bx/n/10.95 146 
 []


Overfull \hbox (2.46371pt too wide) detected at line 523
\T1/lmr/bx/n/10.95 147 
 []


Overfull \hbox (2.46371pt too wide) detected at line 524
\T1/lmr/bx/n/10.95 148 
 []


Overfull \hbox (2.46371pt too wide) detected at line 525
\T1/lmr/bx/n/10.95 149 
 []


Overfull \hbox (2.46371pt too wide) detected at line 526
\T1/lmr/bx/n/10.95 150 
 []


Overfull \hbox (2.46371pt too wide) detected at line 535
\T1/lmr/bx/n/10.95 151 
 []

[16]
Overfull \hbox (2.46371pt too wide) detected at line 536
\T1/lmr/bx/n/10.95 152 
 []


Overfull \hbox (2.46371pt too wide) detected at line 545
\T1/lmr/bx/n/10.95 153 
 []


Overfull \hbox (2.46371pt too wide) detected at line 546
\T1/lmr/bx/n/10.95 154 
 []


Overfull \hbox (2.46371pt too wide) detected at line 547
\T1/lmr/bx/n/10.95 155 
 []


Overfull \hbox (2.46371pt too wide) detected at line 548
\T1/lmr/bx/n/10.95 156 
 []


Overfull \hbox (2.46371pt too wide) detected at line 549
\T1/lmr/bx/n/10.95 157 
 []


Overfull \hbox (2.46371pt too wide) detected at line 558
\T1/lmr/bx/n/10.95 158 
 []


Overfull \hbox (2.46371pt too wide) detected at line 559
\T1/lmr/bx/n/10.95 159 
 []


Overfull \hbox (2.46371pt too wide) detected at line 560
\T1/lmr/bx/n/10.95 160 
 []


Overfull \hbox (2.46371pt too wide) detected at line 561
\T1/lmr/bx/n/10.95 161 
 []


Overfull \hbox (2.46371pt too wide) detected at line 570
\T1/lmr/bx/n/10.95 162 
 []


Overfull \hbox (2.46371pt too wide) detected at line 571
\T1/lmr/bx/n/10.95 163 
 []

[17]
Overfull \hbox (2.46371pt too wide) detected at line 580
\T1/lmr/bx/n/10.95 164 
 []


Overfull \hbox (2.46371pt too wide) detected at line 581
\T1/lmr/bx/n/10.95 165 
 []


Overfull \hbox (2.46371pt too wide) detected at line 590
\T1/lmr/bx/n/10.95 166 
 []


Overfull \hbox (2.46371pt too wide) detected at line 591
\T1/lmr/bx/n/10.95 167 
 []


Overfull \hbox (2.46371pt too wide) detected at line 592
\T1/lmr/bx/n/10.95 168 
 []


Overfull \hbox (2.46371pt too wide) detected at line 593
\T1/lmr/bx/n/10.95 169 
 []


Overfull \hbox (2.46371pt too wide) detected at line 594
\T1/lmr/bx/n/10.95 170 
 []


Overfull \hbox (2.46371pt too wide) detected at line 595
\T1/lmr/bx/n/10.95 171 
 []


Overfull \hbox (2.46371pt too wide) detected at line 596
\T1/lmr/bx/n/10.95 172 
 []


Overfull \hbox (2.46371pt too wide) detected at line 605
\T1/lmr/bx/n/10.95 173 
 []

[18]
Overfull \hbox (2.46371pt too wide) detected at line 614
\T1/lmr/bx/n/10.95 174 
 []


Overfull \hbox (2.46371pt too wide) detected at line 623
\T1/lmr/bx/n/10.95 175 
 []


Overfull \hbox (2.46371pt too wide) detected at line 624
\T1/lmr/bx/n/10.95 176 
 []


Overfull \hbox (2.46371pt too wide) detected at line 625
\T1/lmr/bx/n/10.95 177 
 []


Overfull \hbox (2.46371pt too wide) detected at line 626
\T1/lmr/bx/n/10.95 178 
 []


Overfull \hbox (2.46371pt too wide) detected at line 627
\T1/lmr/bx/n/10.95 179 
 []


Overfull \hbox (2.46371pt too wide) detected at line 628
\T1/lmr/bx/n/10.95 180 
 []


Overfull \hbox (2.46371pt too wide) detected at line 637
\T1/lmr/bx/n/10.95 181 
 []


Overfull \hbox (2.46371pt too wide) detected at line 638
\T1/lmr/bx/n/10.95 182 
 []


Overfull \hbox (2.46371pt too wide) detected at line 647
\T1/lmr/bx/n/10.95 183 
 []


Overfull \hbox (2.46371pt too wide) detected at line 648
\T1/lmr/bx/n/10.95 184 
 []

[19]
Overfull \hbox (2.46371pt too wide) detected at line 657
\T1/lmr/bx/n/10.95 185 
 []


Overfull \hbox (2.46371pt too wide) detected at line 666
\T1/lmr/bx/n/10.95 186 
 []


Overfull \hbox (2.46371pt too wide) detected at line 675
\T1/lmr/bx/n/10.95 187 
 []


Overfull \hbox (2.46371pt too wide) detected at line 676
\T1/lmr/bx/n/10.95 188 
 []


Overfull \hbox (2.46371pt too wide) detected at line 677
\T1/lmr/bx/n/10.95 189 
 []


Overfull \hbox (2.46371pt too wide) detected at line 678
\T1/lmr/bx/n/10.95 190 
 []


Overfull \hbox (2.46371pt too wide) detected at line 679
\T1/lmr/bx/n/10.95 191 
 []


Overfull \hbox (2.46371pt too wide) detected at line 680
\T1/lmr/bx/n/10.95 192 
 []


Overfull \hbox (2.46371pt too wide) detected at line 681
\T1/lmr/bx/n/10.95 193 
 []


Overfull \hbox (2.46371pt too wide) detected at line 682
\T1/lmr/bx/n/10.95 194 
 []


Overfull \hbox (2.46371pt too wide) detected at line 683
\T1/lmr/bx/n/10.95 195 
 []


Overfull \hbox (2.46371pt too wide) detected at line 684
\T1/lmr/bx/n/10.95 196 
 []

[20]
Overfull \hbox (2.46371pt too wide) detected at line 693
\T1/lmr/bx/n/10.95 197 
 []


Overfull \hbox (2.46371pt too wide) detected at line 702
\T1/lmr/bx/n/10.95 198 
 []


Overfull \hbox (2.46371pt too wide) detected at line 711
\T1/lmr/bx/n/10.95 199 
 []


Overfull \hbox (2.46371pt too wide) detected at line 712
\T1/lmr/bx/n/10.95 200 
 []


Overfull \hbox (2.46371pt too wide) detected at line 713
\T1/lmr/bx/n/10.95 201 
 []


Overfull \hbox (2.46371pt too wide) detected at line 722
\T1/lmr/bx/n/10.95 202 
 []


Overfull \hbox (2.46371pt too wide) detected at line 723
\T1/lmr/bx/n/10.95 203 
 []


Overfull \hbox (2.46371pt too wide) detected at line 724
\T1/lmr/bx/n/10.95 204 
 []


Overfull \hbox (2.46371pt too wide) detected at line 725
\T1/lmr/bx/n/10.95 205 
 []

[21]
Overfull \hbox (2.46371pt too wide) detected at line 734
\T1/lmr/bx/n/10.95 206 
 []


Overfull \hbox (2.46371pt too wide) detected at line 735
\T1/lmr/bx/n/10.95 207 
 []


Overfull \hbox (2.46371pt too wide) detected at line 736
\T1/lmr/bx/n/10.95 208 
 []


Overfull \hbox (2.46371pt too wide) detected at line 745
\T1/lmr/bx/n/10.95 209 
 []


Overfull \hbox (2.46371pt too wide) detected at line 754
\T1/lmr/bx/n/10.95 210 
 []


Overfull \hbox (2.46371pt too wide) detected at line 755
\T1/lmr/bx/n/10.95 211 
 []


Overfull \hbox (2.46371pt too wide) detected at line 756
\T1/lmr/bx/n/10.95 212 
 []


Overfull \hbox (2.46371pt too wide) detected at line 765
\T1/lmr/bx/n/10.95 213 
 []


Overfull \hbox (2.46371pt too wide) detected at line 766
\T1/lmr/bx/n/10.95 214 
 []

[22]
Overfull \hbox (2.46371pt too wide) detected at line 767
\T1/lmr/bx/n/10.95 215 
 []


Overfull \hbox (2.46371pt too wide) detected at line 768
\T1/lmr/bx/n/10.95 216 
 []


Overfull \hbox (2.46371pt too wide) detected at line 777
\T1/lmr/bx/n/10.95 217 
 []


Overfull \hbox (2.46371pt too wide) detected at line 786
\T1/lmr/bx/n/10.95 218 
 []


Overfull \hbox (2.46371pt too wide) detected at line 795
\T1/lmr/bx/n/10.95 219 
 []


Overfull \hbox (2.46371pt too wide) detected at line 796
\T1/lmr/bx/n/10.95 220 
 []


Overfull \hbox (2.46371pt too wide) detected at line 805
\T1/lmr/bx/n/10.95 221 
 []

[23]
Overfull \hbox (2.46371pt too wide) detected at line 814
\T1/lmr/bx/n/10.95 222 
 []


Overfull \hbox (2.46371pt too wide) detected at line 815
\T1/lmr/bx/n/10.95 223 
 []


Overfull \hbox (2.46371pt too wide) detected at line 816
\T1/lmr/bx/n/10.95 224 
 []


Overfull \hbox (2.46371pt too wide) detected at line 817
\T1/lmr/bx/n/10.95 225 
 []


Overfull \hbox (2.46371pt too wide) detected at line 818
\T1/lmr/bx/n/10.95 226 
 []


Overfull \hbox (2.46371pt too wide) detected at line 827
\T1/lmr/bx/n/10.95 227 
 []


Overfull \hbox (2.46371pt too wide) detected at line 836
\T1/lmr/bx/n/10.95 228 
 []


Overfull \hbox (2.46371pt too wide) detected at line 837
\T1/lmr/bx/n/10.95 229 
 []


Overfull \hbox (2.46371pt too wide) detected at line 838
\T1/lmr/bx/n/10.95 230 
 []


Overfull \hbox (2.46371pt too wide) detected at line 839
\T1/lmr/bx/n/10.95 231 
 []

[24]
Overfull \hbox (2.46371pt too wide) detected at line 848
\T1/lmr/bx/n/10.95 232 
 []


Overfull \hbox (2.46371pt too wide) detected at line 849
\T1/lmr/bx/n/10.95 233 
 []


Overfull \hbox (2.46371pt too wide) detected at line 850
\T1/lmr/bx/n/10.95 234 
 []


Overfull \hbox (2.46371pt too wide) detected at line 851
\T1/lmr/bx/n/10.95 235 
 []


Overfull \hbox (2.46371pt too wide) detected at line 852
\T1/lmr/bx/n/10.95 236 
 []


Overfull \hbox (2.46371pt too wide) detected at line 861
\T1/lmr/bx/n/10.95 237 
 []


Overfull \hbox (2.46371pt too wide) detected at line 862
\T1/lmr/bx/n/10.95 238 
 []


Overfull \hbox (2.46371pt too wide) detected at line 863
\T1/lmr/bx/n/10.95 239 
 []


Overfull \hbox (2.46371pt too wide) detected at line 864
\T1/lmr/bx/n/10.95 240 
 []


Overfull \hbox (2.46371pt too wide) detected at line 873
\T1/lmr/bx/n/10.95 241 
 []


Overfull \hbox (2.46371pt too wide) detected at line 874
\T1/lmr/bx/n/10.95 242 
 []


Overfull \hbox (2.46371pt too wide) detected at line 875
\T1/lmr/bx/n/10.95 243 
 []

[25]
Overfull \hbox (2.46371pt too wide) detected at line 884
\T1/lmr/bx/n/10.95 244 
 []


Overfull \hbox (2.46371pt too wide) detected at line 885
\T1/lmr/bx/n/10.95 245 
 []


Overfull \hbox (2.46371pt too wide) detected at line 886
\T1/lmr/bx/n/10.95 246 
 []


Overfull \hbox (2.46371pt too wide) detected at line 887
\T1/lmr/bx/n/10.95 247 
 []


Overfull \hbox (2.46371pt too wide) detected at line 888
\T1/lmr/bx/n/10.95 248 
 []


Overfull \hbox (2.46371pt too wide) detected at line 889
\T1/lmr/bx/n/10.95 249 
 []


Overfull \hbox (2.46371pt too wide) detected at line 890
\T1/lmr/bx/n/10.95 250 
 []


Overfull \hbox (2.46371pt too wide) detected at line 891
\T1/lmr/bx/n/10.95 251 
 []


Overfull \hbox (2.46371pt too wide) detected at line 900
\T1/lmr/bx/n/10.95 252 
 []


Overfull \hbox (2.46371pt too wide) detected at line 901
\T1/lmr/bx/n/10.95 253 
 []

)
\tf@toc=\write4
\openout4 = `medical_symptoms.toc'.

 [26]
\openout2 = `chapters/appendix_emergency_warnings.aux'.

 (./chapters/appendix_emergency_warnings.tex
Chapter 1.
LaTeX Font Info:    Trying to load font information for TS1+lmr on input line 6
.
(/opt/homebrew/Cellar/texlive/20260301/share/texmf-dist/tex/latex/lm/ts1lmr.fd
File: ts1lmr.fd 2015/05/01 v1.6.1 Font defs for Latin Modern
)
pdfTeX warning (ext4): destination with the same identifier (name{page.1}) has 
been already used, duplicate ignored
<to be read again> 
                   \relax 
l.23 \clearpage
                [1



{/opt/homebrew/Cellar/texlive/20260301/share/texmf-dist/fonts/enc/dvips/lm/lm-t
s1.enc}])
\openout2 = `chapters/symptom_abdominal_pain.aux'.

 (./chapters/symptom_abdominal_pain.tex
pdfTeX warning (ext4): destination with the same identifier (name{page.2}) has 
been already used, duplicate ignored
<to be read again> 
                   \relax 
l.1 \chapter
            {Abdominal Pain} [2





]
Chapter 2.

pdfTeX warning (ext4): destination with the same identifier (name{page.3}) has 
been already used, duplicate ignored
<to be read again> 
                   \relax 
l.32   \item C
              onstipation/Diarrhea [3]
Overfull \hbox (6.26572pt too wide) in paragraph at lines 55--56
[]\T1/lmr/m/n/10.95 First-line man-age-ment in-cludes ac-tiv-ity mod-i-fi-ca-ti
on, phys-i-cal ther-apy, and anal-gesics (NSAIDs
 []


pdfTeX warning (ext4): destination with the same identifier (name{page.4}) has 
been already used, duplicate ignored
<to be read again> 
                   \relax 
l.61 \clearpage
                [4])
\openout2 = `chapters/symptom_abscess.aux'.

 (./chapters/symptom_abscess.tex
Chapter 3.

pdfTeX warning (ext4): destination with the same identifier (name{page.5}) has 
been already used, duplicate ignored
<to be read again> 
                   \relax 
l.27 \item P
            ain and tenderness [5





]
pdfTeX warning (ext4): destination with the same identifier (name{page.6}) has 
been already used, duplicate ignored
<to be read again> 
                   \relax 
l.64 \item W
            arm compresses and wound care [6])
pdfTeX warning (ext4): destination with the same identifier (name{page.7}) has 
been already used, duplicate ignored
<to be read again> 
                   \relax 
l.25 \include{chapters/symptom_abscess}
                                        [7]
\openout2 = `chapters/symptom_acne.aux'.

 (./chapters/symptom_acne.tex
pdfTeX warning (ext4): destination with the same identifier (name{page.8}) has 
been already used, duplicate ignored
<to be read again> 
                   \relax 
l.1 \chapter
            {Acne} [8




]
Chapter 4.

pdfTeX warning (ext4): destination with the same identifier (name{page.9}) has 
been already used, duplicate ignored
<to be read again> 
                   \relax 
l.26   \item S
              evere or worsening symptoms [9]
pdfTeX warning (ext4): destination with the same identifier (name{page.10}) has
 been already used, duplicate ignored
<to be read again> 
                   \relax 
l.64   \item F
              ollow-up ensures treatment effectiveness and allows timely adj...
[10]
pdfTeX warning (ext4): destination with the same identifier (name{page.11}) has
 been already used, duplicate ignored
<to be read again> 
                   \relax 
l.67 \clearpage
                [11])
\openout2 = `chapters/symptom_addiction_withdrawal.aux'.

 (./chapters/symptom_addiction_withdrawal.tex
pdfTeX warning (ext4): destination with the same identifier (name{page.12}) has
 been already used, duplicate ignored
<to be read again> 
                   \relax 
l.1 \chapter
            {Addiction Withdrawal} [12





]
Chapter 5.

pdfTeX warning (ext4): destination with the same identifier (name{page.13}) has
 been already used, duplicate ignored
<to be read again> 
                   \relax 
l.28   \item A
              ccompanied by other concerning signs [13]
pdfTeX warning (ext4): destination with the same identifier (name{page.14}) has
 been already used, duplicate ignored
<to be read again> 
                   \relax 
l.63   \item F
              ollow-up ensures treatment effectiveness and allows timely adj...
[14]
pdfTeX warning (ext4): destination with the same identifier (name{page.15}) has
 been already used, duplicate ignored
<to be read again> 
                   \relax 
l.66 \clearpage
                [15])
\openout2 = `chapters/symptom_allergic_reaction.aux'.

 (./chapters/symptom_allergic_reaction.tex
pdfTeX warning (ext4): destination with the same identifier (name{page.16}) has
 been already used, duplicate ignored
<to be read again> 
                   \relax 
l.1 \chapter
            {Allergic Reaction} [16





]
Chapter 6.

pdfTeX warning (ext4): destination with the same identifier (name{page.17}) has
 been already used, duplicate ignored
<to be read again> 
                   \relax 
l.31 \item U
            rticaria (hives) [17])
pdfTeX warning (ext4): destination with the same identifier (name{page.18}) has
 been already used, duplicate ignored
<to be read again> 
                   \relax 
l.28 \include{chapters/symptom_allergic_reaction}
                                                  [18]
\openout2 = `chapters/symptom_amenorrhea.aux'.


(./chapters/symptom_amenorrhea.tex
Chapter 7.

pdfTeX warning (ext4): destination with the same identifier (name{page.19}) has
 been already used, duplicate ignored
<to be read again> 
                   \relax 
l.26 \item A
            bsence of menstruation for three or more cycles in a previously ...
[19




]
pdfTeX warning (ext4): destination with the same identifier (name{page.20}) has
 been already used, duplicate ignored
<to be read again> 
                   \relax 
l.63 \item A
            ndrogen profile (testosterone, DHEA-S) if signs of hyperandrogenism
[20])
pdfTeX warning (ext4): destination with the same identifier (name{page.21}) has
 been already used, duplicate ignored
<to be read again> 
                   \relax 
l.29 \include{chapters/symptom_amenorrhea}
                                           [21]
\openout2 = `chapters/symptom_anal_itching.aux'.


(./chapters/symptom_anal_itching.tex
pdfTeX warning (ext4): destination with the same identifier (name{page.22}) has
 been already used, duplicate ignored
<to be read again> 
                   \relax 
l.1 \chapter
            {Anal Itching (Pruritus Ani)} [22




]
Chapter 8.

pdfTeX warning (ext4): destination with the same identifier (name{page.23}) has
 been already used, duplicate ignored
<to be read again> 
                   \relax 
l.26 \item I
            tching accompanied by rectal bleeding or discharge [23]
pdfTeX warning (ext4): destination with the same identifier (name{page.24}) has
 been already used, duplicate ignored
<to be read again> 
                   \relax 
l.63 \item A
            noscopy or sigmoidoscopy if underlying anorectal pathology is su...
[24])
pdfTeX warning (ext4): destination with the same identifier (name{page.25}) has
 been already used, duplicate ignored
<to be read again> 
                   \relax 
l.30 \include{chapters/symptom_anal_itching}
                                             [25]
\openout2 = `chapters/symptom_anal_pain.aux'.


(./chapters/symptom_anal_pain.tex
pdfTeX warning (ext4): destination with the same identifier (name{page.26}) has
 been already used, duplicate ignored
<to be read again> 
                   \relax 
l.1 \chapter
            {Anal Pain} [26




]
Chapter 9.
[27] [28] [29])
\openout2 = `chapters/symptom_anemia.aux'.

 (./chapters/symptom_anemia.tex [30





]
Chapter 10.
[31] [32]) [33]
\openout2 = `chapters/symptom_anhedonia.aux'.

 (./chapters/symptom_anhedonia.tex [34




]
Chapter 11.
[35] [36] [37])
\openout2 = `chapters/symptom_animal_bites.aux'.

 (./chapters/symptom_animal_bites.tex [38





]
Chapter 12.
[39]) [40]
\openout2 = `chapters/symptom_ankle_pain.aux'.

 (./chapters/symptom_ankle_pain.tex
Chapter 13.
[41




] [42] [43])
\openout2 = `chapters/symptom_anxiety.aux'.

 (./chapters/symptom_anxiety.tex [44





]
Chapter 14.
[45] [46]
Overfull \hbox (0.91293pt too wide) in paragraph at lines 57--58
[]\T1/lmr/m/n/10.95 Referral to psy-chi-a-try is in-di-cated for se-vere symp-t
oms, treat-ment re-sis-tance, sui-ci-dal ideation,
 []

[47])
\openout2 = `chapters/symptom_arm_pain.aux'.

 (./chapters/symptom_arm_pain.tex [48





]
Chapter 15.
[49] [50] [51])
\openout2 = `chapters/symptom_ascites.aux'.

 (./chapters/symptom_ascites.tex [52





]
Chapter 16.
[53] [54]) [55]
\openout2 = `chapters/symptom_back_pain.aux'.

 (./chapters/symptom_back_pain.tex [56




]
Chapter 17.
[57]
Overfull \hbox (6.26572pt too wide) in paragraph at lines 55--56
[]\T1/lmr/m/n/10.95 First-line man-age-ment in-cludes ac-tiv-ity mod-i-fi-ca-ti
on, phys-i-cal ther-apy, and anal-gesics (NSAIDs
 []

[58])
\openout2 = `chapters/symptom_bad_breath.aux'.

 (./chapters/symptom_bad_breath.tex
Chapter 18.
[59





] [60] [61])
\openout2 = `chapters/symptom_bad_taste_in_the_mouth.aux'.

 (./chapters/symptom_bad_taste_in_the_mouth.tex [62





]
Chapter 19.
[63] [64] [65])
\openout2 = `chapters/symptom_bedwetting.aux'.

 (./chapters/symptom_bedwetting.tex [66





]
Chapter 20.
[67] [68]) [69]
\openout2 = `chapters/symptom_bent_penis.aux'.

 (./chapters/symptom_bent_penis.tex [70




]
Chapter 21.
[71] [72])
\openout2 = `chapters/symptom_black_eye.aux'.

 (./chapters/symptom_black_eye.tex
Chapter 22.
[73





] [74] [75])
\openout2 = `chapters/symptom_bleeding_after_vaginal_sex.aux'.

 (./chapters/symptom_bleeding_after_vaginal_sex.tex [76





]
Chapter 23.
[77] [78] [79])
\openout2 = `chapters/symptom_bleeding_between_periods.aux'.

 (./chapters/symptom_bleeding_between_periods.tex [80





]
Chapter 24.
[81] [82] [83])
\openout2 = `chapters/symptom_bleeding_during_pregnancy.aux'.

 (./chapters/symptom_bleeding_during_pregnancy.tex [84





]
Chapter 25.
[85] [86] [87])
\openout2 = `chapters/symptom_bloating.aux'.

 (./chapters/symptom_bloating.tex [88





]
Chapter 26.
[89] [90] [91])
\openout2 = `chapters/symptom_blood_clots.aux'.

 (./chapters/symptom_blood_clots.tex [92





]
Chapter 27.
[93] [94] [95])
\openout2 = `chapters/symptom_blood_in_semen.aux'.

 (./chapters/symptom_blood_in_semen.tex [96





]
Chapter 28.
[97] [98] [99])
\openout2 = `chapters/symptom_blood_in_stool.aux'.

 (./chapters/symptom_blood_in_stool.tex [100





]
Chapter 29.
[101] [102])
\openout2 = `chapters/symptom_boils.aux'.

 (./chapters/symptom_boils.tex
Chapter 30.
[103





] [104]) [105]
\openout2 = `chapters/symptom_bowel_incontinence.aux'.

 (./chapters/symptom_bowel_incontinence.tex [106




]
Chapter 31.
[107] [108])
\openout2 = `chapters/symptom_breast_lump.aux'.

 (./chapters/symptom_breast_lump.tex
Chapter 32.
[109





] [110] [111])
\openout2 = `chapters/symptom_breast_tenderness.aux'.

 (./chapters/symptom_breast_tenderness.tex [112





]
Chapter 33.
[113] [114] [115])
\openout2 = `chapters/symptom_brittle_nails.aux'.

 (./chapters/symptom_brittle_nails.tex [116





]
Chapter 34.
[117] [118] [119])
\openout2 = `chapters/symptom_bruises.aux'.

 (./chapters/symptom_bruises.tex [120





]
Chapter 35.
[121] [122]) [123]
\openout2 = `chapters/symptom_bunions.aux'.

 (./chapters/symptom_bunions.tex [124




]
Chapter 36.
[125] [126]) [127]
\openout2 = `chapters/symptom_burning_feet.aux'.

 (./chapters/symptom_burning_feet.tex [128




]
Chapter 37.
[129] [130] [131])
\openout2 = `chapters/symptom_burning_mouth_syndrome.aux'.

 (./chapters/symptom_burning_mouth_syndrome.tex [132





]
Chapter 38.
[133] [134] [135])
\openout2 = `chapters/symptom_burping.aux'.

 (./chapters/symptom_burping.tex [136





]
Chapter 39.
[137] [138] [139])
\openout2 = `chapters/symptom_canker_sores.aux'.

 (./chapters/symptom_canker_sores.tex [140





]
Chapter 40.
[141] [142]) [143]
\openout2 = `chapters/symptom_catarrh.aux'.

 (./chapters/symptom_catarrh.tex [144




]
Chapter 41.
[145] [146])
\openout2 = `chapters/symptom_cellulite.aux'.

 (./chapters/symptom_cellulite.tex
Chapter 42.
[147





]) [148]
\openout2 = `chapters/symptom_chest_pain.aux'.

 (./chapters/symptom_chest_pain.tex
Chapter 43.
[149




] [150]
Overfull \hbox (6.26572pt too wide) in paragraph at lines 72--73
[]\T1/lmr/m/n/10.95 First-line man-age-ment in-cludes ac-tiv-ity mod-i-fi-ca-ti
on, phys-i-cal ther-apy, and anal-gesics (NSAIDs
 []

[151])
\openout2 = `chapters/symptom_chest_tightness_and_discomfort.aux'.

 (./chapters/symptom_chest_tightness_and_discomfort.tex [152





]
Chapter 44.
[153] [154] [155])
\openout2 = `chapters/symptom_chills.aux'.

 (./chapters/symptom_chills.tex [156





]
Chapter 45.
[157] [158])
\openout2 = `chapters/symptom_choking.aux'.

 (./chapters/symptom_choking.tex
Chapter 46.
[159





] [160] [161])
\openout2 = `chapters/symptom_chronic_wounds.aux'.

 (./chapters/symptom_chronic_wounds.tex [162





]
Chapter 47.
[163] [164] [165])
\openout2 = `chapters/symptom_clitoral_pain.aux'.

 (./chapters/symptom_clitoral_pain.tex [166





]
Chapter 48.
[167] [168] [169])
\openout2 = `chapters/symptom_cognitive_deficits.aux'.

 (./chapters/symptom_cognitive_deficits.tex [170





]
Chapter 49.
[171] [172]) [173]
\openout2 = `chapters/symptom_cold_hands_and_feet.aux'.

 (./chapters/symptom_cold_hands_and_feet.tex [174




]
Chapter 50.
[175] [176] [177])
\openout2 = `chapters/symptom_cold_intolerance.aux'.

 (./chapters/symptom_cold_intolerance.tex [178





]
Chapter 51.
[179] [180] [181])
\openout2 = `chapters/symptom_cold_sores.aux'.

 (./chapters/symptom_cold_sores.tex [182





]
Chapter 52.
[183] [184] [185])
\openout2 = `chapters/symptom_coma.aux'.

 (./chapters/symptom_coma.tex [186





]
Chapter 53.
[187] [188]) [189]
\openout2 = `chapters/symptom_concussion.aux'.

 (./chapters/symptom_concussion.tex [190




]
Chapter 54.
[191] [192]) [193]
\openout2 = `chapters/symptom_confusion.aux'.

 (./chapters/symptom_confusion.tex [194




]
Chapter 55.
[195]
Overfull \hbox (1.52048pt too wide) in paragraph at lines 49--50
[]\T1/lmr/m/n/10.95 Comprehensive neu-ro-log-i-cal ex-am-i-na-tion as-sesses me
n-tal sta-tus, cra-nial nerves, mo-tor/sensory
 []

[196])
\openout2 = `chapters/symptom_constipation.aux'.

 (./chapters/symptom_constipation.tex
Chapter 56.
[197





] [198])
\openout2 = `chapters/symptom_corns_and_calluses.aux'.

 (./chapters/symptom_corns_and_calluses.tex
Chapter 57.
[199





] [200]) [201]
\openout2 = `chapters/symptom_cough.aux'.

 (./chapters/symptom_cough.tex [202




]
Chapter 58.
[203] [204])
\openout2 = `chapters/symptom_crying_spells.aux'.

 (./chapters/symptom_crying_spells.tex
Chapter 59.
[205





] [206] [207])
\openout2 = `chapters/symptom_cyst.aux'.

 (./chapters/symptom_cyst.tex [208





]
Chapter 60.
[209] [210]) [211]
\openout2 = `chapters/symptom_dandruff.aux'.

 (./chapters/symptom_dandruff.tex [212




]
Chapter 61.
[213] [214]) [215]
\openout2 = `chapters/symptom_dark_circles_under_eyes.aux'.

 (./chapters/symptom_dark_circles_under_eyes.tex [216




]
Chapter 62.
[217] [218] [219])
\openout2 = `chapters/symptom_dehydration.aux'.

 (./chapters/symptom_dehydration.tex [220





]
Chapter 63.
[221] [222] [223])
\openout2 = `chapters/symptom_delirium.aux'.

 (./chapters/symptom_delirium.tex [224





]
Chapter 64.
[225]
Overfull \hbox (1.52048pt too wide) in paragraph at lines 49--50
[]\T1/lmr/m/n/10.95 Comprehensive neu-ro-log-i-cal ex-am-i-na-tion as-sesses me
n-tal sta-tus, cra-nial nerves, mo-tor/sensory
 []

[226])
\openout2 = `chapters/symptom_delusions.aux'.

 (./chapters/symptom_delusions.tex
Chapter 65.
[227





] [228] [229])
\openout2 = `chapters/symptom_depression.aux'.

 (./chapters/symptom_depression.tex [230





]
Chapter 66.
[231] [232]
Overfull \hbox (0.91293pt too wide) in paragraph at lines 59--60
[]\T1/lmr/m/n/10.95 Referral to psy-chi-a-try is in-di-cated for se-vere symp-t
oms, treat-ment re-sis-tance, sui-ci-dal ideation,
 []

[233])
\openout2 = `chapters/symptom_diarrhea.aux'.

 (./chapters/symptom_diarrhea.tex [234





]
Chapter 67.
[235] [236])
\openout2 = `chapters/symptom_disorientation.aux'.

 (./chapters/symptom_disorientation.tex
Chapter 68.
[237





] [238] [239])
\openout2 = `chapters/symptom_dizziness.aux'.

 (./chapters/symptom_dizziness.tex [240





]
Chapter 69.
[241]
Overfull \hbox (1.52048pt too wide) in paragraph at lines 48--49
[]\T1/lmr/m/n/10.95 Comprehensive neu-ro-log-i-cal ex-am-i-na-tion as-sesses me
n-tal sta-tus, cra-nial nerves, mo-tor/sensory
 []

[242])
\openout2 = `chapters/symptom_double_vision.aux'.

 (./chapters/symptom_double_vision.tex
Chapter 70.
[243





]
Overfull \hbox (5.10872pt too wide) in paragraph at lines 27--28
[]\T1/lmr/m/n/10.95 Sudden-onset diplopia (pos-si-ble stroke, aneurysm, or brai
n-stem le-sion), diplopia with headache,
 []

[244] [245])
\openout2 = `chapters/symptom_drooling.aux'.

 (./chapters/symptom_drooling.tex [246





]
Chapter 71.
[247] [248] [249])
\openout2 = `chapters/symptom_dry_eye_disease.aux'.

 (./chapters/symptom_dry_eye_disease.tex [250





]
Chapter 72.
[251] [252] [253])
\openout2 = `chapters/symptom_dry_mouth.aux'.

 (./chapters/symptom_dry_mouth.tex [254





]
Chapter 73.
[255] [256])
\openout2 = `chapters/symptom_dry_orgasm.aux'.

 (./chapters/symptom_dry_orgasm.tex
Chapter 74.
[257





] [258] [259])
\openout2 = `chapters/symptom_dry_skin.aux'.

 (./chapters/symptom_dry_skin.tex [260





]
Chapter 75.
[261] [262] [263])
\openout2 = `chapters/symptom_dysphagia.aux'.

 (./chapters/symptom_dysphagia.tex [264





]
Chapter 76.
[265] [266]) [267]
\openout2 = `chapters/symptom_earache.aux'.

 (./chapters/symptom_earache.tex [268




]
Chapter 77.
[269] [270] [271])
\openout2 = `chapters/symptom_earwax.aux'.

 (./chapters/symptom_earwax.tex [272





]
Chapter 78.
[273] [274]) [275]
\openout2 = `chapters/symptom_edema.aux'.

 (./chapters/symptom_edema.tex [276




]
Chapter 79.
[277] [278]) [279]
\openout2 = `chapters/symptom_elbow_pain.aux'.

 (./chapters/symptom_elbow_pain.tex [280




]
Chapter 80.
[281] [282] [283])
\openout2 = `chapters/symptom_electric_shock_sensation.aux'.

 (./chapters/symptom_electric_shock_sensation.tex [284





]
Chapter 81.
[285] [286] [287])
\openout2 = `chapters/symptom_enlarged_prostate.aux'.

 (./chapters/symptom_enlarged_prostate.tex [288





]
Chapter 82.
[289] [290]) [291]
\openout2 = `chapters/symptom_enlarged_spleen.aux'.

 (./chapters/symptom_enlarged_spleen.tex [292




]
Chapter 83.
[293] [294]) [295]
\openout2 = `chapters/symptom_erectile_dysfunction.aux'.

 (./chapters/symptom_erectile_dysfunction.tex [296




]
Chapter 84.

Overfull \hbox (3.98622pt too wide) in paragraph at lines 15--16
[]\T1/lmr/m/n/10.95 Medications (an-tide-pres-sants SS-RIs, an-ti-hy-per-ten-si
ves beta-blockers, di-uret-ics, an-tipsy-chotics) 
 []

[297] [298] [299])
\openout2 = `chapters/symptom_excessive_sweating.aux'.

 (./chapters/symptom_excessive_sweating.tex [300





]
Chapter 85.
[301] [302] [303])
\openout2 = `chapters/symptom_eye_allergies.aux'.

 (./chapters/symptom_eye_allergies.tex [304





]
Chapter 86.
[305] [306]) [307]
\openout2 = `chapters/symptom_eye_discharge.aux'.

 (./chapters/symptom_eye_discharge.tex [308




]
Chapter 87.
[309] [310] [311])
\openout2 = `chapters/symptom_eye_floaters.aux'.

 (./chapters/symptom_eye_floaters.tex [312





]
Chapter 88.
[313] [314]) [315]
\openout2 = `chapters/symptom_eye_pain.aux'.

 (./chapters/symptom_eye_pain.tex [316




]
Chapter 89.
[317] [318] [319])
\openout2 = `chapters/symptom_eye_strain.aux'.

 (./chapters/symptom_eye_strain.tex [320





]
Chapter 90.
[321] [322] [323])
\openout2 = `chapters/symptom_eye_twitching.aux'.

 (./chapters/symptom_eye_twitching.tex [324





]
Chapter 91.
[325] [326] [327])
\openout2 = `chapters/symptom_eyelid_bump.aux'.

 (./chapters/symptom_eyelid_bump.tex [328





]
Chapter 92.
[329] [330] [331])
\openout2 = `chapters/symptom_eyelid_inflammation.aux'.

 (./chapters/symptom_eyelid_inflammation.tex [332





]
Chapter 93.
[333] [334]) [335]
\openout2 = `chapters/symptom_facial_droop.aux'.

 (./chapters/symptom_facial_droop.tex [336




]
Chapter 94.
[337] [338] [339])
\openout2 = `chapters/symptom_facial_numbness.aux'.

 (./chapters/symptom_facial_numbness.tex [340





]
Chapter 95.
[341] [342]
Underfull \vbox (badness 10000) has occurred while \output is active []

 [343]
Overfull \hbox (1.52048pt too wide) in paragraph at lines 43--44
[]\T1/lmr/m/n/10.95 Comprehensive neu-ro-log-i-cal ex-am-i-na-tion as-sesses me
n-tal sta-tus, cra-nial nerves, mo-tor/sensory
 []

[344] [345])
\openout2 = `chapters/symptom_fainting.aux'.

 (./chapters/symptom_fainting.tex [346





]
Chapter 96.
[347] [348]) [349]
\openout2 = `chapters/symptom_fatigue.aux'.

 (./chapters/symptom_fatigue.tex [350




]
Chapter 97.
[351] [352])
\openout2 = `chapters/symptom_febrile_seizure.aux'.

 (./chapters/symptom_febrile_seizure.tex
Chapter 98.
[353





] [354] [355])
\openout2 = `chapters/symptom_fever.aux'.

 (./chapters/symptom_fever.tex [356





]
Chapter 99.
[357{/opt/homebrew/Cellar/texlive/20260301/share/texmf-dist/fonts/enc/dvips/lm/
lm-mathit.enc}] [358{/opt/homebrew/Cellar/texlive/20260301/share/texmf-dist/fon
ts/enc/dvips/lm/lm-mathsy.enc}] [359])
\openout2 = `chapters/symptom_fluid_from_the_ear.aux'.


(./chapters/symptom_fluid_from_the_ear.tex [360





]
Chapter 100.
[361] [362] [363])
\openout2 = `chapters/symptom_foot_pain.aux'.

 (./chapters/symptom_foot_pain.tex [364





]
Chapter 101.
[365] [366] [367])
\openout2 = `chapters/symptom_frequent_bowel_movements.aux'.

 (./chapters/symptom_frequent_bowel_movements.tex [368





]
Chapter 102.
[369] [370] [371])
\openout2 = `chapters/symptom_frostbite.aux'.

 (./chapters/symptom_frostbite.tex [372





]
Chapter 103.
[373] [374]) [375]
\openout2 = `chapters/symptom_ganglion_cyst.aux'.

 (./chapters/symptom_ganglion_cyst.tex [376




]
Chapter 104.
[377]) [378]
\openout2 = `chapters/symptom_green_stool.aux'.

 (./chapters/symptom_green_stool.tex
Chapter 105.
[379




] [380] [381])
\openout2 = `chapters/symptom_groin_pain_or_swelling.aux'.

 (./chapters/symptom_groin_pain_or_swelling.tex [382





]
Chapter 106.
[383] [384] [385])
\openout2 = `chapters/symptom_gum_swelling.aux'.

 (./chapters/symptom_gum_swelling.tex [386





]
Chapter 107.
[387] [388] [389])
\openout2 = `chapters/symptom_gynecomastia.aux'.

 (./chapters/symptom_gynecomastia.tex [390





]
Chapter 108.
[391] [392]) [393]
\openout2 = `chapters/symptom_haemoptysis.aux'.

 (./chapters/symptom_haemoptysis.tex [394




]
Chapter 109.
[395] [396])
\openout2 = `chapters/symptom_hair_loss.aux'.

 (./chapters/symptom_hair_loss.tex
Chapter 110.
[397





] [398] [399])
\openout2 = `chapters/symptom_hallucinations.aux'.

 (./chapters/symptom_hallucinations.tex [400





]
Chapter 111.
[401] [402] [403])
\openout2 = `chapters/symptom_hand_tremor.aux'.

 (./chapters/symptom_hand_tremor.tex [404





]
Chapter 112.
[405]
Overfull \hbox (1.52048pt too wide) in paragraph at lines 56--57
[]\T1/lmr/m/n/10.95 Comprehensive neu-ro-log-i-cal ex-am-i-na-tion as-sesses me
n-tal sta-tus, cra-nial nerves, mo-tor/sensory
 []

[406] [407])
\openout2 = `chapters/symptom_headache.aux'.

 (./chapters/symptom_headache.tex [408





]
Chapter 113.
[409]
Overfull \hbox (1.52048pt too wide) in paragraph at lines 48--49
[]\T1/lmr/m/n/10.95 Comprehensive neu-ro-log-i-cal ex-am-i-na-tion as-sesses me
n-tal sta-tus, cra-nial nerves, mo-tor/sensory
 []

[410])
\openout2 = `chapters/symptom_hearing_loss.aux'.

 (./chapters/symptom_hearing_loss.tex
Chapter 114.
[411





] [412] [413])
\openout2 = `chapters/symptom_heart_murmur.aux'.

 (./chapters/symptom_heart_murmur.tex [414





]
Chapter 115.
[415] [416] [417])
\openout2 = `chapters/symptom_heartburn.aux'.

 (./chapters/symptom_heartburn.tex [418





]
Chapter 116.
[419] [420] [421])
\openout2 = `chapters/symptom_heat_cramps.aux'.

 (./chapters/symptom_heat_cramps.tex [422





]
Chapter 117.
[423]) [424]
\openout2 = `chapters/symptom_heat_exhaustion.aux'.

 (./chapters/symptom_heat_exhaustion.tex
Chapter 118.
[425




] [426]) [427]
\openout2 = `chapters/symptom_heat_rash.aux'.

 (./chapters/symptom_heat_rash.tex [428




]
Chapter 119.
[429] [430] [431])
\openout2 = `chapters/symptom_heat_stroke.aux'.

 (./chapters/symptom_heat_stroke.tex [432





]
Chapter 120.
[433] [434]) [435]
\openout2 = `chapters/symptom_heavy_periods.aux'.

 (./chapters/symptom_heavy_periods.tex [436




]
Chapter 121.
[437] [438] [439])
\openout2 = `chapters/symptom_heel_pain.aux'.

 (./chapters/symptom_heel_pain.tex [440





]
Chapter 122.
[441] [442] [443])
\openout2 = `chapters/symptom_hematoma.aux'.

 (./chapters/symptom_hematoma.tex [444





]
Chapter 123.
[445]) [446]
\openout2 = `chapters/symptom_hematuria.aux'.

 (./chapters/symptom_hematuria.tex
Chapter 124.
[447




] [448] [449])
\openout2 = `chapters/symptom_hiccups.aux'.

 (./chapters/symptom_hiccups.tex [450





]
Chapter 125.
[451] [452] [453])
\openout2 = `chapters/symptom_hip_pain.aux'.

 (./chapters/symptom_hip_pain.tex [454





]
Chapter 126.
[455] [456] [457])
\openout2 = `chapters/symptom_hives_and_angioedema.aux'.

 (./chapters/symptom_hives_and_angioedema.tex [458





]
Chapter 127.
[459] [460]) [461]
\openout2 = `chapters/symptom_hoarseness.aux'.

 (./chapters/symptom_hoarseness.tex [462




]
Chapter 128.
[463] [464])
\openout2 = `chapters/symptom_hot_flushes.aux'.

 (./chapters/symptom_hot_flushes.tex
Chapter 129.
[465





] [466] [467])
\openout2 = `chapters/symptom_hyperhidrosis.aux'.

 (./chapters/symptom_hyperhidrosis.tex [468





]
Chapter 130.

Overfull \hbox (24.05888pt too wide) in paragraph at lines 13--14
[]\T1/lmr/m/n/10.95 Endocrine dis-or-ders: hy-per-thy-roidism, di-a-betes (au-t
o-nomic dys-func-tion), hy-po-glycemia, pheochro-
 []

[469] [470]) [471]
\openout2 = `chapters/symptom_hyperventilation.aux'.

 (./chapters/symptom_hyperventilation.tex [472




]
Chapter 131.
[473] [474]) [475]
\openout2 = `chapters/symptom_hyphema.aux'.

 (./chapters/symptom_hyphema.tex [476




]
Chapter 132.
[477] [478]) [479]
\openout2 = `chapters/symptom_hypothermia.aux'.

 (./chapters/symptom_hypothermia.tex [480




]
Chapter 133.
[481] [482]) [483]
\openout2 = `chapters/symptom_inability_to_urinate.aux'.

 (./chapters/symptom_inability_to_urinate.tex [484




]
Chapter 134.
[485] [486]) [487]
\openout2 = `chapters/symptom_indigestion.aux'.

 (./chapters/symptom_indigestion.tex [488




]
Chapter 135.
[489] [490]) [491]
\openout2 = `chapters/symptom_ingrown_hair.aux'.

 (./chapters/symptom_ingrown_hair.tex [492




]
Chapter 136.
[493] [494]) [495]
\openout2 = `chapters/symptom_ingrown_toenails.aux'.

 (./chapters/symptom_ingrown_toenails.tex [496




]
Chapter 137.
[497] [498]) [499]
\openout2 = `chapters/symptom_insect_bites.aux'.

 (./chapters/symptom_insect_bites.tex [500




]
Chapter 138.
[501] [502]) [503]
\openout2 = `chapters/symptom_insomnia.aux'.

 (./chapters/symptom_insomnia.tex [504




]
Chapter 139.
[505] [506]
Overfull \hbox (0.91293pt too wide) in paragraph at lines 59--60
[]\T1/lmr/m/n/10.95 Referral to psy-chi-a-try is in-di-cated for se-vere symp-t
oms, treat-ment re-sis-tance, sui-ci-dal ideation,
 []

[507])
\openout2 = `chapters/symptom_internal_bleeding.aux'.

 (./chapters/symptom_internal_bleeding.tex [508





]
Chapter 140.
[509] [510]) [511]
\openout2 = `chapters/symptom_irregular_periods.aux'.

 (./chapters/symptom_irregular_periods.tex [512




]
Chapter 141.
[513] [514] [515])
\openout2 = `chapters/symptom_irritability.aux'.

 (./chapters/symptom_irritability.tex [516





]
Chapter 142.
[517] [518] [519])
\openout2 = `chapters/symptom_itching_pruritus.aux'.

 (./chapters/symptom_itching_pruritus.tex [520





]
Chapter 143.
[521] [522])
\openout2 = `chapters/symptom_jaundice.aux'.

 (./chapters/symptom_jaundice.tex
Chapter 144.
[523





] [524] [525])
\openout2 = `chapters/symptom_jock_itch.aux'.

 (./chapters/symptom_jock_itch.tex [526





]
Chapter 145.
[527] [528]) [529]
\openout2 = `chapters/symptom_joint_pain.aux'.

 (./chapters/symptom_joint_pain.tex [530




]
Chapter 146.
[531]
Overfull \hbox (6.26572pt too wide) in paragraph at lines 55--56
[]\T1/lmr/m/n/10.95 First-line man-age-ment in-cludes ac-tiv-ity mod-i-fi-ca-ti
on, phys-i-cal ther-apy, and anal-gesics (NSAIDs
 []

[532])
\openout2 = `chapters/symptom_kidney_pain.aux'.

 (./chapters/symptom_kidney_pain.tex
Chapter 147.
[533





] [534] [535])
\openout2 = `chapters/symptom_knee_pain.aux'.

 (./chapters/symptom_knee_pain.tex [536





]
Chapter 148.
[537] [538] [539])
\openout2 = `chapters/symptom_labia_changes.aux'.

 (./chapters/symptom_labia_changes.tex [540





]
Chapter 149.
[541] [542] [543])
\openout2 = `chapters/symptom_labor_signs.aux'.

 (./chapters/symptom_labor_signs.tex [544





]
Chapter 150.
[545]) [546]
\openout2 = `chapters/symptom_lack_of_motivation.aux'.

 (./chapters/symptom_lack_of_motivation.tex
Chapter 151.
[547




] [548] [549])
\openout2 = `chapters/symptom_laryngitis.aux'.

 (./chapters/symptom_laryngitis.tex [550





]
Chapter 152.
[551] [552]) [553]
\openout2 = `chapters/symptom_leg_pain.aux'.

 (./chapters/symptom_leg_pain.tex [554




]
Chapter 153.

Overfull \hbox (0.85034pt too wide) in paragraph at lines 7--8
\T1/lmr/m/n/10.95 Leg pain mech-a-nisms in-clude no-ci-cep-tive (mus-cu-loskele
-tal in-jury, in-flam-ma-tion), neu-ro-pathic (nerve
 []

[555] [556] [557])
\openout2 = `chapters/symptom_loss_of_appetite.aux'.

 (./chapters/symptom_loss_of_appetite.tex [558





]
Chapter 154.
[559] [560])
\openout2 = `chapters/symptom_loss_of_bone_density.aux'.

 (./chapters/symptom_loss_of_bone_density.tex
Chapter 155.

Overfull \hbox (8.69968pt too wide) in paragraph at lines 7--8
\T1/lmr/m/n/10.95 Oestrogen in-hibits os-teo-clast ac-tiv-ity through re-cep-to
r ac-ti-va-tor of nu-clear factor-kB lig-and (RANKL)
 []

[561





] [562] [563])
\openout2 = `chapters/symptom_loss_of_smell.aux'.

 (./chapters/symptom_loss_of_smell.tex [564





]
Chapter 156.
[565] [566] [567])
\openout2 = `chapters/symptom_low_blood_sugar.aux'.

 (./chapters/symptom_low_blood_sugar.tex [568





]
Chapter 157.
[569] [570]) [571]
\openout2 = `chapters/symptom_low_libido.aux'.

 (./chapters/symptom_low_libido.tex [572




]
Chapter 158.
[573] [574] [575])
\openout2 = `chapters/symptom_low_self_esteem.aux'.

 (./chapters/symptom_low_self_esteem.tex [576





]
Chapter 159.
[577] [578] [579])
\openout2 = `chapters/symptom_lump_under_armpit.aux'.

 (./chapters/symptom_lump_under_armpit.tex [580





]
Chapter 160.
[581] [582] [583])
\openout2 = `chapters/symptom_lymphedema.aux'.

 (./chapters/symptom_lymphedema.tex [584





]
Chapter 161.
[585] [586]) [587]
\openout2 = `chapters/symptom_malaise.aux'.

 (./chapters/symptom_malaise.tex [588




]
Chapter 162.
[589] [590])
\openout2 = `chapters/symptom_menstrual_pain.aux'.

 (./chapters/symptom_menstrual_pain.tex
Chapter 163.
[591





] [592]) [593]
\openout2 = `chapters/symptom_migraine.aux'.

 (./chapters/symptom_migraine.tex [594




]
Chapter 164.
[595] [596] [597])
\openout2 = `chapters/symptom_mittelschmerz.aux'.

 (./chapters/symptom_mittelschmerz.tex [598





]
Chapter 165.
[599]) [600]
\openout2 = `chapters/symptom_mood_swings.aux'.

 (./chapters/symptom_mood_swings.tex
Chapter 166.
[601




] [602] [603])
\openout2 = `chapters/symptom_morning_sickness.aux'.

 (./chapters/symptom_morning_sickness.tex [604





]
Chapter 167.
[605] [606] [607])
\openout2 = `chapters/symptom_motion_sickness.aux'.

 (./chapters/symptom_motion_sickness.tex [608





]
Chapter 168.
[609] [610] [611])
\openout2 = `chapters/symptom_mouth_ulcers.aux'.

 (./chapters/symptom_mouth_ulcers.tex [612





]
Chapter 169.
[613] [614] [615])
\openout2 = `chapters/symptom_muscle_cramps.aux'.

 (./chapters/symptom_muscle_cramps.tex [616





]
Chapter 170.
[617]
Overfull \hbox (13.992pt too wide) in paragraph at lines 48--49
[]\T1/lmr/m/n/10.95 History fo-cuses on mech-a-nism of in-jury, on-set (acute v
s in-sid-i-ous), lo-ca-tion, ag-gra-vat-ing/relieving
 []

[618] [619])
\openout2 = `chapters/symptom_muscle_pain.aux'.

 (./chapters/symptom_muscle_pain.tex [620





]
Chapter 171.
[621]
Overfull \hbox (6.26572pt too wide) in paragraph at lines 57--58
[]\T1/lmr/m/n/10.95 First-line man-age-ment in-cludes ac-tiv-ity mod-i-fi-ca-ti
on, phys-i-cal ther-apy, and anal-gesics (NSAIDs
 []

[622])
\openout2 = `chapters/symptom_nail_injuries.aux'.

 (./chapters/symptom_nail_injuries.tex
Chapter 172.
[623





] [624]) [625]
\openout2 = `chapters/symptom_nail_psoriasis.aux'.

 (./chapters/symptom_nail_psoriasis.tex [626




]
Chapter 173.
[627] [628]) [629]
\openout2 = `chapters/symptom_narcolepsy.aux'.

 (./chapters/symptom_narcolepsy.tex [630




]
Chapter 174.
[631] [632]) [633]
\openout2 = `chapters/symptom_nasal_congestion.aux'.

 (./chapters/symptom_nasal_congestion.tex [634




]
Chapter 175.

Overfull \hbox (8.27264pt too wide) in paragraph at lines 7--8
\T1/lmr/m/n/10.95 Nasal con-ges-tion re-sults from va-sodi-la-tion and en-gorge
-ment of ve-nous si-nu-soids in the nasal turbinates
 []

[635] [636] [637])
\openout2 = `chapters/symptom_nausea.aux'.

 (./chapters/symptom_nausea.tex [638





]
Chapter 176.
[639] [640])
\openout2 = `chapters/symptom_neck_pain.aux'.

 (./chapters/symptom_neck_pain.tex
Chapter 177.
[641





] [642] [643])
\openout2 = `chapters/symptom_nerve_pain.aux'.

 (./chapters/symptom_nerve_pain.tex [644





]
Chapter 178.
[645] [646] [647])
\openout2 = `chapters/symptom_night_sweats.aux'.

 (./chapters/symptom_night_sweats.tex [648





]
Chapter 179.
[649] [650] [651])
\openout2 = `chapters/symptom_night_terrors.aux'.

 (./chapters/symptom_night_terrors.tex [652





]
Chapter 180.
[653] [654]) [655]
\openout2 = `chapters/symptom_nipple_discharge.aux'.

 (./chapters/symptom_nipple_discharge.tex [656




]
Chapter 181.
[657] [658] [659])
\openout2 = `chapters/symptom_nosebleeds.aux'.

 (./chapters/symptom_nosebleeds.tex [660





]
Chapter 182.
[661] [662]) [663]
\openout2 = `chapters/symptom_oral_thrush.aux'.

 (./chapters/symptom_oral_thrush.tex [664




]
Chapter 183.
[665]
Overfull \hbox (4.73695pt too wide) in paragraph at lines 39--40
\T1/lmr/bx/n/10.95 Note: \T1/lmr/m/n/10.95 Al-ways con-sider se-ri-ous un-der-l
y-ing con-di-tions when eval-u-at-ing per-sis-tent oral thrush (oropha-
 []

[666] [667])
\openout2 = `chapters/symptom_overactive_bladder.aux'.

 (./chapters/symptom_overactive_bladder.tex [668





]
Chapter 184.
[669] [670]) [671]
\openout2 = `chapters/symptom_pain_after_surgery.aux'.

 (./chapters/symptom_pain_after_surgery.tex [672




]
Chapter 185.

Overfull \hbox (21.29063pt too wide) in paragraph at lines 7--8
\T1/lmr/m/n/10.95 Surgical in-ci-sion causes tis-sue dam-age that re-leases in-
flam-ma-tory me-di-a-tors (prostaglandins, bradykinin,
 []

[673] [674]) [675]
\openout2 = `chapters/symptom_pain_during_intercourse.aux'.

 (./chapters/symptom_pain_during_intercourse.tex [676




]
Chapter 186.
[677] [678]) [679]
\openout2 = `chapters/symptom_painful_urination.aux'.

 (./chapters/symptom_painful_urination.tex [680




]
Chapter 187.
[681] [682] [683])
\openout2 = `chapters/symptom_palpitations.aux'.

 (./chapters/symptom_palpitations.tex [684





]
Chapter 188.

Overfull \hbox (46.65793pt too wide) in paragraph at lines 22--23
[]\T1/lmr/m/n/10.95 Symptoms last-ing more than Eval-u-ate if new, ir-reg-u-lar
, or ac-com-pa-nied by chest pain/dizziness/syncope 
 []

[685] [686])
\openout2 = `chapters/symptom_panic_attacks.aux'.

 (./chapters/symptom_panic_attacks.tex
Chapter 189.
[687





] [688] [689])
\openout2 = `chapters/symptom_peeling_skin.aux'.

 (./chapters/symptom_peeling_skin.tex [690





]
Chapter 190.
[691] [692] [693])
\openout2 = `chapters/symptom_pelvic_organ_prolapse.aux'.

 (./chapters/symptom_pelvic_organ_prolapse.tex [694





]
Chapter 191.
[695] [696] [697])
\openout2 = `chapters/symptom_pelvic_pain.aux'.

 (./chapters/symptom_pelvic_pain.tex [698





]
Chapter 192.
[699] [700] [701])
\openout2 = `chapters/symptom_penis_irritation.aux'.

 (./chapters/symptom_penis_irritation.tex [702





]
Chapter 193.
[703] [704] [705])
\openout2 = `chapters/symptom_penis_swelling_and_injury.aux'.

 (./chapters/symptom_penis_swelling_and_injury.tex [706





]
Chapter 194.
[707] [708] [709])
\openout2 = `chapters/symptom_petechiae.aux'.

 (./chapters/symptom_petechiae.tex [710





]
Chapter 195.
[711] [712] [713])
\openout2 = `chapters/symptom_pinched_nerve.aux'.

 (./chapters/symptom_pinched_nerve.tex [714





]
Chapter 196.
[715] [716]) [717]
\openout2 = `chapters/symptom_pleurisy.aux'.

 (./chapters/symptom_pleurisy.tex [718




]
Chapter 197.
[719] [720]) [721]
\openout2 = `chapters/symptom_pressure_sores.aux'.

 (./chapters/symptom_pressure_sores.tex [722




]
Chapter 198.
[723] [724]) [725]
\openout2 = `chapters/symptom_rash.aux'.

 (./chapters/symptom_rash.tex [726




]
Chapter 199.
[727] [728] [729])
\openout2 = `chapters/symptom_rectal_bleeding.aux'.

 (./chapters/symptom_rectal_bleeding.tex [730





]
Chapter 200.
[731] [732] [733])
\openout2 = `chapters/symptom_rectal_pain.aux'.

 (./chapters/symptom_rectal_pain.tex [734





]
Chapter 201.
[735] [736]) [737]
\openout2 = `chapters/symptom_red_eye.aux'.

 (./chapters/symptom_red_eye.tex [738




]
Chapter 202.
[739] [740] [741])
\openout2 = `chapters/symptom_restless_legs_syndrome.aux'.

 (./chapters/symptom_restless_legs_syndrome.tex [742





]
Chapter 203.
[743] [744] [745])
\openout2 = `chapters/symptom_runny_nose.aux'.

 (./chapters/symptom_runny_nose.tex [746





]
Chapter 204.
[747] [748] [749])
\openout2 = `chapters/symptom_scabies.aux'.

 (./chapters/symptom_scabies.tex [750





]
Chapter 205.
[751]) [752]
\openout2 = `chapters/symptom_sciatica.aux'.

 (./chapters/symptom_sciatica.tex
Chapter 206.
[753




]
Overfull \hbox (13.992pt too wide) in paragraph at lines 48--49
[]\T1/lmr/m/n/10.95 History fo-cuses on mech-a-nism of in-jury, on-set (acute v
s in-sid-i-ous), lo-ca-tion, ag-gra-vat-ing/relieving
 []

[754] [755])
\openout2 = `chapters/symptom_seizures.aux'.

 (./chapters/symptom_seizures.tex [756





]
Chapter 207.
[757]
Overfull \hbox (1.52048pt too wide) in paragraph at lines 48--49
[]\T1/lmr/m/n/10.95 Comprehensive neu-ro-log-i-cal ex-am-i-na-tion as-sesses me
n-tal sta-tus, cra-nial nerves, mo-tor/sensory
 []

[758])
\openout2 = `chapters/symptom_shin_splints.aux'.

 (./chapters/symptom_shin_splints.tex
Chapter 208.
[759





] [760]) [761]
\openout2 = `chapters/symptom_shock.aux'.

 (./chapters/symptom_shock.tex [762




]
Chapter 209.
[763] [764]) [765]
\openout2 = `chapters/symptom_shortness_of_breath.aux'.

 (./chapters/symptom_shortness_of_breath.tex [766




]
Chapter 210.
[767] [768])
\openout2 = `chapters/symptom_shoulder_pain.aux'.

 (./chapters/symptom_shoulder_pain.tex
Chapter 211.
[769





] [770] [771])
\openout2 = `chapters/symptom_skin_tags.aux'.

 (./chapters/symptom_skin_tags.tex [772





]
Chapter 212.
[773]) [774]
\openout2 = `chapters/symptom_sneezing.aux'.

 (./chapters/symptom_sneezing.tex
Chapter 213.
[775




] [776])
\openout2 = `chapters/symptom_snoring.aux'.

 (./chapters/symptom_snoring.tex
Chapter 214.
[777





] [778] [779])
\openout2 = `chapters/symptom_sore_throat.aux'.

 (./chapters/symptom_sore_throat.tex [780





]
Chapter 215.
[781] [782])
\openout2 = `chapters/symptom_splinters.aux'.

 (./chapters/symptom_splinters.tex
Chapter 216.
[783





]) [784]
\openout2 = `chapters/symptom_stool_color_changes.aux'.

 (./chapters/symptom_stool_color_changes.tex
Chapter 217.
[785




] [786]) [787]
\openout2 = `chapters/symptom_stretch_marks.aux'.

 (./chapters/symptom_stretch_marks.tex [788




]
Chapter 218.
[789] [790]) [791]
\openout2 = `chapters/symptom_stroke.aux'.

 (./chapters/symptom_stroke.tex [792




]
Chapter 219.
[793]
Overfull \hbox (1.52048pt too wide) in paragraph at lines 49--50
[]\T1/lmr/m/n/10.95 Comprehensive neu-ro-log-i-cal ex-am-i-na-tion as-sesses me
n-tal sta-tus, cra-nial nerves, mo-tor/sensory
 []

[794])
\openout2 = `chapters/symptom_sty.aux'.

 (./chapters/symptom_sty.tex
Chapter 220.
[795





]) [796]
\openout2 = `chapters/symptom_sunburn.aux'.

 (./chapters/symptom_sunburn.tex
Chapter 221.
[797




] [798]) [799]
\openout2 = `chapters/symptom_swelling.aux'.

 (./chapters/symptom_swelling.tex [800




]
Chapter 222.
[801] [802] [803])
\openout2 = `chapters/symptom_swollen_or_painful_testicle.aux'.

 (./chapters/symptom_swollen_or_painful_testicle.tex [804





]
Chapter 223.
[805] [806] [807])
\openout2 = `chapters/symptom_syncope.aux'.

 (./chapters/symptom_syncope.tex [808





]
Chapter 224.
[809]
Overfull \hbox (1.52048pt too wide) in paragraph at lines 48--49
[]\T1/lmr/m/n/10.95 Comprehensive neu-ro-log-i-cal ex-am-i-na-tion as-sesses me
n-tal sta-tus, cra-nial nerves, mo-tor/sensory
 []

[810])
\openout2 = `chapters/symptom_tachycardia.aux'.

 (./chapters/symptom_tachycardia.tex
Chapter 225.
[811





] [812] [813])
\openout2 = `chapters/symptom_teething.aux'.

 (./chapters/symptom_teething.tex [814





]
Chapter 226.
[815]) [816]
\openout2 = `chapters/symptom_testicular_pain.aux'.

 (./chapters/symptom_testicular_pain.tex
Chapter 227.
[817




] [818]) [819]
\openout2 = `chapters/symptom_tingling_numbness.aux'.

 (./chapters/symptom_tingling_numbness.tex [820




]
Chapter 228.
[821]
Overfull \hbox (1.52048pt too wide) in paragraph at lines 52--53
[]\T1/lmr/m/n/10.95 Comprehensive neu-ro-log-i-cal ex-am-i-na-tion as-sesses me
n-tal sta-tus, cra-nial nerves, mo-tor/sensory
 []

[822] [823])
\openout2 = `chapters/symptom_tinnitus.aux'.

 (./chapters/symptom_tinnitus.tex [824





]
Chapter 229.
[825] [826] [827])
\openout2 = `chapters/symptom_toothache.aux'.

 (./chapters/symptom_toothache.tex [828





]
Chapter 230.
[829] [830] [831])
\openout2 = `chapters/symptom_tremors.aux'.

 (./chapters/symptom_tremors.tex [832





]
Chapter 231.
[833] [834]) [835]
\openout2 = `chapters/symptom_urinary_frequency.aux'.

 (./chapters/symptom_urinary_frequency.tex [836




]
Chapter 232.
[837] [838])
\openout2 = `chapters/symptom_urinary_incontinence.aux'.

 (./chapters/symptom_urinary_incontinence.tex
Chapter 233.
[839





] [840])
\openout2 = `chapters/symptom_urinary_retention.aux'.

 (./chapters/symptom_urinary_retention.tex
Chapter 234.
[841





] [842] [843])
\openout2 = `chapters/symptom_urine_odor.aux'.

 (./chapters/symptom_urine_odor.tex [844





]
Chapter 235.
[845] [846] [847])
\openout2 = `chapters/symptom_vaginal_bleeding.aux'.

 (./chapters/symptom_vaginal_bleeding.tex [848





]
Chapter 236.
[849] [850]) [851]
\openout2 = `chapters/symptom_vaginal_discharge.aux'.

 (./chapters/symptom_vaginal_discharge.tex [852




]
Chapter 237.
[853]
Overfull \hbox (6.05157pt too wide) in paragraph at lines 50--51
[]\T1/lmr/m/n/10.95 Ultrasound (trans-ab-dom-i-nal or transvagi-nal) eval-u-ate
s the en-dometrium, my-ometrium, ovaries,
 []

[854])
\openout2 = `chapters/symptom_vaginal_dryness.aux'.

 (./chapters/symptom_vaginal_dryness.tex
Chapter 238.
[855





] [856] [857])
\openout2 = `chapters/symptom_vaginal_irritation_and_infection.aux'.

 (./chapters/symptom_vaginal_irritation_and_infection.tex
[858





]
Chapter 239.
[859] [860] [861])
\openout2 = `chapters/symptom_vaginal_prolapse.aux'.

 (./chapters/symptom_vaginal_prolapse.tex [862





]
Chapter 240.
[863] [864]
Overfull \hbox (1.00395pt too wide) in paragraph at lines 67--68
[]\T1/lmr/m/n/10.95 Surgery: sacro-colpopexy, uterosacral lig-a-ment sus-pen-si
on, an-te-rior/posterior re-pair, colpoclei-
 []

) [865]
\openout2 = `chapters/symptom_vertigo.aux'.

 (./chapters/symptom_vertigo.tex [866




]
Chapter 241.
[867]
Overfull \hbox (1.52048pt too wide) in paragraph at lines 48--49
[]\T1/lmr/m/n/10.95 Comprehensive neu-ro-log-i-cal ex-am-i-na-tion as-sesses me
n-tal sta-tus, cra-nial nerves, mo-tor/sensory
 []

[868])
\openout2 = `chapters/symptom_vision_blurred.aux'.

 (./chapters/symptom_vision_blurred.tex
Chapter 242.
[869





] [870])
\openout2 = `chapters/symptom_vomiting_and_nausea.aux'.

 (./chapters/symptom_vomiting_and_nausea.tex
Chapter 243.
[871





] [872]) [873]
\openout2 = `chapters/symptom_warning_signs_during_pregnancy.aux'.

 (./chapters/symptom_warning_signs_during_pregnancy.tex
[874




]
Chapter 244.
[875] [876] [877])
\openout2 = `chapters/symptom_watery_eyes.aux'.

 (./chapters/symptom_watery_eyes.tex [878





]
Chapter 245.
[879] [880] [881])
\openout2 = `chapters/symptom_weakness.aux'.

 (./chapters/symptom_weakness.tex [882





]
Chapter 246.
[883] [884])
\openout2 = `chapters/symptom_weight_gain.aux'.

 (./chapters/symptom_weight_gain.tex
Chapter 247.

Overfull \hbox (6.96417pt too wide) in paragraph at lines 7--8
\T1/lmr/m/n/10.95 Menopausal weight gain re-sults from sev-eral mech-a-nisms: d
e-clin-ing oe-stro-gen re-duces basal metabolic
 []

[885





] [886] [887])
\openout2 = `chapters/symptom_weight_loss.aux'.

 (./chapters/symptom_weight_loss.tex [888





]
Chapter 248.
[889] [890])
\openout2 = `chapters/symptom_wheezing.aux'.

 (./chapters/symptom_wheezing.tex
Chapter 249.

Overfull \hbox (1.6419pt too wide) in paragraph at lines 22--23
[]\T1/lmr/m/n/10.95 Symptoms last-ing more than per-sis-tent or ac-com-pa-nied 
by res-pi-ra-tory dis-tress re-quires prompt
 []

[891





] [892])
\openout2 = `chapters/symptom_white_tongue.aux'.

 (./chapters/symptom_white_tongue.tex
Chapter 250.
[893





] [894] [895])
\openout2 = `chapters/symptom_wrist_injury.aux'.

 (./chapters/symptom_wrist_injury.tex [896





]
Chapter 251.
[897]) [898]
\openout2 = `chapters/symptom_wrist_pain.aux'.

 (./chapters/symptom_wrist_pain.tex
Chapter 252.
[899




] [900] [901])
\openout2 = `chapters/symptom_yellow_tongue.aux'.

 (./chapters/symptom_yellow_tongue.tex [902





]
Chapter 253.
[903] [904] [905]) [906




] (./medical_symptoms.aux
(./chapters/appendix_emergency_warnings.aux)
(./chapters/symptom_abdominal_pain.aux) (./chapters/symptom_abscess.aux)
(./chapters/symptom_acne.aux) (./chapters/symptom_addiction_withdrawal.aux)
(./chapters/symptom_allergic_reaction.aux) (./chapters/symptom_amenorrhea.aux)
(./chapters/symptom_anal_itching.aux) (./chapters/symptom_anal_pain.aux)
(./chapters/symptom_anemia.aux) (./chapters/symptom_anhedonia.aux)
(./chapters/symptom_animal_bites.aux) (./chapters/symptom_ankle_pain.aux)
(./chapters/symptom_anxiety.aux) (./chapters/symptom_arm_pain.aux)
(./chapters/symptom_ascites.aux) (./chapters/symptom_back_pain.aux)
(./chapters/symptom_bad_breath.aux)
(./chapters/symptom_bad_taste_in_the_mouth.aux)
(./chapters/symptom_bedwetting.aux) (./chapters/symptom_bent_penis.aux)
(./chapters/symptom_black_eye.aux)
(./chapters/symptom_bleeding_after_vaginal_sex.aux)
(./chapters/symptom_bleeding_between_periods.aux)
(./chapters/symptom_bleeding_during_pregnancy.aux)
(./chapters/symptom_bloating.aux) (./chapters/symptom_blood_clots.aux)
(./chapters/symptom_blood_in_semen.aux) (./chapters/symptom_blood_in_stool.aux)
(./chapters/symptom_boils.aux) (./chapters/symptom_bowel_incontinence.aux)
(./chapters/symptom_breast_lump.aux) (./chapters/symptom_breast_tenderness.aux)
(./chapters/symptom_brittle_nails.aux) (./chapters/symptom_bruises.aux)
(./chapters/symptom_bunions.aux) (./chapters/symptom_burning_feet.aux)
(./chapters/symptom_burning_mouth_syndrome.aux) (./chapters/symptom_burping.aux
) (./chapters/symptom_canker_sores.aux) (./chapters/symptom_catarrh.aux)
(./chapters/symptom_cellulite.aux) (./chapters/symptom_chest_pain.aux)
(./chapters/symptom_chest_tightness_and_discomfort.aux)
(./chapters/symptom_chills.aux) (./chapters/symptom_choking.aux)
(./chapters/symptom_chronic_wounds.aux) (./chapters/symptom_clitoral_pain.aux)
(./chapters/symptom_cognitive_deficits.aux)
(./chapters/symptom_cold_hands_and_feet.aux)
(./chapters/symptom_cold_intolerance.aux) (./chapters/symptom_cold_sores.aux)
(./chapters/symptom_coma.aux) (./chapters/symptom_concussion.aux)
(./chapters/symptom_confusion.aux) (./chapters/symptom_constipation.aux)
(./chapters/symptom_corns_and_calluses.aux) (./chapters/symptom_cough.aux)
(./chapters/symptom_crying_spells.aux) (./chapters/symptom_cyst.aux)
(./chapters/symptom_dandruff.aux)
(./chapters/symptom_dark_circles_under_eyes.aux)
(./chapters/symptom_dehydration.aux) (./chapters/symptom_delirium.aux)
(./chapters/symptom_delusions.aux) (./chapters/symptom_depression.aux)
(./chapters/symptom_diarrhea.aux) (./chapters/symptom_disorientation.aux)
(./chapters/symptom_dizziness.aux) (./chapters/symptom_double_vision.aux)
(./chapters/symptom_drooling.aux) (./chapters/symptom_dry_eye_disease.aux)
(./chapters/symptom_dry_mouth.aux) (./chapters/symptom_dry_orgasm.aux)
(./chapters/symptom_dry_skin.aux) (./chapters/symptom_dysphagia.aux)
(./chapters/symptom_earache.aux) (./chapters/symptom_earwax.aux)
(./chapters/symptom_edema.aux) (./chapters/symptom_elbow_pain.aux)
(./chapters/symptom_electric_shock_sensation.aux)
(./chapters/symptom_enlarged_prostate.aux)
(./chapters/symptom_enlarged_spleen.aux)
(./chapters/symptom_erectile_dysfunction.aux)
(./chapters/symptom_excessive_sweating.aux)
(./chapters/symptom_eye_allergies.aux) (./chapters/symptom_eye_discharge.aux)
(./chapters/symptom_eye_floaters.aux) (./chapters/symptom_eye_pain.aux)
(./chapters/symptom_eye_strain.aux) (./chapters/symptom_eye_twitching.aux)
(./chapters/symptom_eyelid_bump.aux)
(./chapters/symptom_eyelid_inflammation.aux)
(./chapters/symptom_facial_droop.aux) (./chapters/symptom_facial_numbness.aux)
(./chapters/symptom_fainting.aux) (./chapters/symptom_fatigue.aux)
(./chapters/symptom_febrile_seizure.aux) (./chapters/symptom_fever.aux)
(./chapters/symptom_fluid_from_the_ear.aux) (./chapters/symptom_foot_pain.aux)
(./chapters/symptom_frequent_bowel_movements.aux)
(./chapters/symptom_frostbite.aux) (./chapters/symptom_ganglion_cyst.aux)
(./chapters/symptom_green_stool.aux)
(./chapters/symptom_groin_pain_or_swelling.aux)
(./chapters/symptom_gum_swelling.aux) (./chapters/symptom_gynecomastia.aux)
(./chapters/symptom_haemoptysis.aux) (./chapters/symptom_hair_loss.aux)
(./chapters/symptom_hallucinations.aux) (./chapters/symptom_hand_tremor.aux)
(./chapters/symptom_headache.aux) (./chapters/symptom_hearing_loss.aux)
(./chapters/symptom_heart_murmur.aux) (./chapters/symptom_heartburn.aux)
(./chapters/symptom_heat_cramps.aux) (./chapters/symptom_heat_exhaustion.aux)
(./chapters/symptom_heat_rash.aux) (./chapters/symptom_heat_stroke.aux)
(./chapters/symptom_heavy_periods.aux) (./chapters/symptom_heel_pain.aux)
(./chapters/symptom_hematoma.aux) (./chapters/symptom_hematuria.aux)
(./chapters/symptom_hiccups.aux) (./chapters/symptom_hip_pain.aux)
(./chapters/symptom_hives_and_angioedema.aux)
(./chapters/symptom_hoarseness.aux) (./chapters/symptom_hot_flushes.aux)
(./chapters/symptom_hyperhidrosis.aux) (./chapters/symptom_hyperventilation.aux
) (./chapters/symptom_hyphema.aux) (./chapters/symptom_hypothermia.aux)
(./chapters/symptom_inability_to_urinate.aux)
(./chapters/symptom_indigestion.aux) (./chapters/symptom_ingrown_hair.aux)
(./chapters/symptom_ingrown_toenails.aux) (./chapters/symptom_insect_bites.aux)
(./chapters/symptom_insomnia.aux) (./chapters/symptom_internal_bleeding.aux)
(./chapters/symptom_irregular_periods.aux) (./chapters/symptom_irritability.aux
) (./chapters/symptom_itching_pruritus.aux) (./chapters/symptom_jaundice.aux)
(./chapters/symptom_jock_itch.aux) (./chapters/symptom_joint_pain.aux)
(./chapters/symptom_kidney_pain.aux) (./chapters/symptom_knee_pain.aux)
(./chapters/symptom_labia_changes.aux) (./chapters/symptom_labor_signs.aux)
(./chapters/symptom_lack_of_motivation.aux) (./chapters/symptom_laryngitis.aux)
(./chapters/symptom_leg_pain.aux) (./chapters/symptom_loss_of_appetite.aux)
(./chapters/symptom_loss_of_bone_density.aux)
(./chapters/symptom_loss_of_smell.aux) (./chapters/symptom_low_blood_sugar.aux)
(./chapters/symptom_low_libido.aux) (./chapters/symptom_low_self_esteem.aux)
(./chapters/symptom_lump_under_armpit.aux) (./chapters/symptom_lymphedema.aux)
(./chapters/symptom_malaise.aux) (./chapters/symptom_menstrual_pain.aux)
(./chapters/symptom_migraine.aux) (./chapters/symptom_mittelschmerz.aux)
(./chapters/symptom_mood_swings.aux) (./chapters/symptom_morning_sickness.aux)
(./chapters/symptom_motion_sickness.aux) (./chapters/symptom_mouth_ulcers.aux)
(./chapters/symptom_muscle_cramps.aux) (./chapters/symptom_muscle_pain.aux)
(./chapters/symptom_nail_injuries.aux) (./chapters/symptom_nail_psoriasis.aux)
(./chapters/symptom_narcolepsy.aux) (./chapters/symptom_nasal_congestion.aux)
(./chapters/symptom_nausea.aux) (./chapters/symptom_neck_pain.aux)
(./chapters/symptom_nerve_pain.aux) (./chapters/symptom_night_sweats.aux)
(./chapters/symptom_night_terrors.aux) (./chapters/symptom_nipple_discharge.aux
) (./chapters/symptom_nosebleeds.aux) (./chapters/symptom_oral_thrush.aux)
(./chapters/symptom_overactive_bladder.aux)
(./chapters/symptom_pain_after_surgery.aux)
(./chapters/symptom_pain_during_intercourse.aux)
(./chapters/symptom_painful_urination.aux) (./chapters/symptom_palpitations.aux
) (./chapters/symptom_panic_attacks.aux) (./chapters/symptom_peeling_skin.aux)
(./chapters/symptom_pelvic_organ_prolapse.aux)
(./chapters/symptom_pelvic_pain.aux) (./chapters/symptom_penis_irritation.aux)
(./chapters/symptom_penis_swelling_and_injury.aux)
(./chapters/symptom_petechiae.aux) (./chapters/symptom_pinched_nerve.aux)
(./chapters/symptom_pleurisy.aux) (./chapters/symptom_pressure_sores.aux)
(./chapters/symptom_rash.aux) (./chapters/symptom_rectal_bleeding.aux)
(./chapters/symptom_rectal_pain.aux) (./chapters/symptom_red_eye.aux)
(./chapters/symptom_restless_legs_syndrome.aux)
(./chapters/symptom_runny_nose.aux) (./chapters/symptom_scabies.aux)
(./chapters/symptom_sciatica.aux) (./chapters/symptom_seizures.aux)
(./chapters/symptom_shin_splints.aux) (./chapters/symptom_shock.aux)
(./chapters/symptom_shortness_of_breath.aux)
(./chapters/symptom_shoulder_pain.aux) (./chapters/symptom_skin_tags.aux)
(./chapters/symptom_sneezing.aux) (./chapters/symptom_snoring.aux)
(./chapters/symptom_sore_throat.aux) (./chapters/symptom_splinters.aux)
(./chapters/symptom_stool_color_changes.aux)
(./chapters/symptom_stretch_marks.aux) (./chapters/symptom_stroke.aux)
(./chapters/symptom_sty.aux) (./chapters/symptom_sunburn.aux)
(./chapters/symptom_swelling.aux)
(./chapters/symptom_swollen_or_painful_testicle.aux)
(./chapters/symptom_syncope.aux) (./chapters/symptom_tachycardia.aux)
(./chapters/symptom_teething.aux) (./chapters/symptom_testicular_pain.aux)
(./chapters/symptom_tingling_numbness.aux) (./chapters/symptom_tinnitus.aux)
(./chapters/symptom_toothache.aux) (./chapters/symptom_tremors.aux)
(./chapters/symptom_urinary_frequency.aux)
(./chapters/symptom_urinary_incontinence.aux)
(./chapters/symptom_urinary_retention.aux) (./chapters/symptom_urine_odor.aux)
(./chapters/symptom_vaginal_bleeding.aux)
(./chapters/symptom_vaginal_discharge.aux)
(./chapters/symptom_vaginal_dryness.aux)
(./chapters/symptom_vaginal_irritation_and_infection.aux)
(./chapters/symptom_vaginal_prolapse.aux) (./chapters/symptom_vertigo.aux)
(./chapters/symptom_vision_blurred.aux)
(./chapters/symptom_vomiting_and_nausea.aux)
(./chapters/symptom_warning_signs_during_pregnancy.aux)
(./chapters/symptom_watery_eyes.aux) (./chapters/symptom_weakness.aux)
(./chapters/symptom_weight_gain.aux) (./chapters/symptom_weight_loss.aux)
(./chapters/symptom_wheezing.aux) (./chapters/symptom_white_tongue.aux)
(./chapters/symptom_wrist_injury.aux) (./chapters/symptom_wrist_pain.aux)
(./chapters/symptom_yellow_tongue.aux))
 ***********
LaTeX2e <2025-11-01>
L3 programming layer <2026-01-19>
 ***********
Package rerunfilecheck Info: File `medical_symptoms.out' has not changed.
(rerunfilecheck)             Checksum: 297D132B2F912712ACFB0B74D6D8C8D3;138441.

 ) 
Here is how much of TeX's memory you used:
 18924 strings out of 467525
 459617 string characters out of 5408440
 671541 words of memory out of 5000000
 42801 multiletter control sequences out of 15000+600000
 676063 words of font info for 66 fonts, out of 8000000 for 9000
 1141 hyphenation exceptions out of 8191
 75i,6n,79p,7993b,967s stack positions out of 10000i,1000n,20000p,200000b,200000s
</opt/homebrew/Cellar/texlive/20260301/share/texmf-dist/fonts/type1/public/lm
/lmbx10.pfb></opt/homebrew/Cellar/texlive/20260301/share/texmf-dist/fonts/type1
/public/lm/lmbx12.pfb></opt/homebrew/Cellar/texlive/20260301/share/texmf-dist/f
onts/type1/public/lm/lmmi10.pfb></opt/homebrew/Cellar/texlive/20260301/share/te
xmf-dist/fonts/type1/public/lm/lmr10.pfb></opt/homebrew/Cellar/texlive/20260301
/share/texmf-dist/fonts/type1/public/lm/lmr12.pfb></opt/homebrew/Cellar/texlive
/20260301/share/texmf-dist/fonts/type1/public/lm/lmr17.pfb></opt/homebrew/Cella
r/texlive/20260301/share/texmf-dist/fonts/type1/public/lm/lmro10.pfb></opt/home
brew/Cellar/texlive/20260301/share/texmf-dist/fonts/type1/public/lm/lmsy10.pfb>

Output written on medical_symptoms.pdf (932 pages, 1226671 bytes).
PDF statistics:
 10552 PDF objects out of 10688 (max. 8388607)
 9505 compressed objects within 96 object streams
 3177 named destinations out of 3580 (max. 500000)
 7209 words of extra memory for PDF output out of 10000 (max. 10000000)

